Archive member included to satisfy reference by file (symbol)

app/libapp.a(main.c.obj)      (--whole-archive)
app/libapp.a(my_lbs.c.obj)    (--whole-archive)
app/libapp.a(adc.c.obj)       (--whole-archive)
zephyr/libzephyr.a(heap.c.obj)
                              (--whole-archive)
zephyr/libzephyr.a(cbprintf_packaged.c.obj)
                              (--whole-archive)
zephyr/libzephyr.a(printk.c.obj)
                              (--whole-archive)
zephyr/libzephyr.a(sem.c.obj)
                              (--whole-archive)
zephyr/libzephyr.a(thread_entry.c.obj)
                              (--whole-archive)
zephyr/libzephyr.a(cbprintf_complete.c.obj)
                              (--whole-archive)
zephyr/libzephyr.a(assert.c.obj)
                              (--whole-archive)
zephyr/libzephyr.a(mpsc_pbuf.c.obj)
                              (--whole-archive)
zephyr/libzephyr.a(dec.c.obj)
                              (--whole-archive)
zephyr/libzephyr.a(hex.c.obj)
                              (--whole-archive)
zephyr/libzephyr.a(rb.c.obj)  (--whole-archive)
zephyr/libzephyr.a(timeutil.c.obj)
                              (--whole-archive)
zephyr/libzephyr.a(bitarray.c.obj)
                              (--whole-archive)
zephyr/libzephyr.a(onoff.c.obj)
                              (--whole-archive)
zephyr/libzephyr.a(notify.c.obj)
                              (--whole-archive)
zephyr/libzephyr.a(configs.c.obj)
                              (--whole-archive)
zephyr/libzephyr.a(ipc_service.c.obj)
                              (--whole-archive)
zephyr/libzephyr.a(ipc_rpmsg_static_vrings.c.obj)
                              (--whole-archive)
zephyr/libzephyr.a(ipc_rpmsg.c.obj)
                              (--whole-archive)
zephyr/libzephyr.a(ipc_static_vrings.c.obj)
                              (--whole-archive)
zephyr/libzephyr.a(log_core.c.obj)
                              (--whole-archive)
zephyr/libzephyr.a(log_mgmt.c.obj)
                              (--whole-archive)
zephyr/libzephyr.a(log_cache.c.obj)
                              (--whole-archive)
zephyr/libzephyr.a(log_msg.c.obj)
                              (--whole-archive)
zephyr/libzephyr.a(log_output.c.obj)
                              (--whole-archive)
zephyr/libzephyr.a(log_backend_uart.c.obj)
                              (--whole-archive)
zephyr/libzephyr.a(mem_attr.c.obj)
                              (--whole-archive)
zephyr/libzephyr.a(tracing_none.c.obj)
                              (--whole-archive)
zephyr/libzephyr.a(addr_utils.c.obj)
                              (--whole-archive)
zephyr/libzephyr.a(banner.c.obj)
                              (--whole-archive)
zephyr/libzephyr.a(host_extensions.c.obj)
                              (--whole-archive)
zephyr/libzephyr.a(flash_map_partition_manager.c.obj)
                              (--whole-archive)
zephyr/libzephyr.a(utils.c.obj)
                              (--whole-archive)
zephyr/libzephyr.a(aes_decrypt.c.obj)
                              (--whole-archive)
zephyr/libzephyr.a(aes_encrypt.c.obj)
                              (--whole-archive)
zephyr/libzephyr.a(cmac_mode.c.obj)
                              (--whole-archive)
zephyr/libzephyr.a(sha256.c.obj)
                              (--whole-archive)
zephyr/libzephyr.a(hmac.c.obj)
                              (--whole-archive)
zephyr/libzephyr.a(hmac_prng.c.obj)
                              (--whole-archive)
zephyr/libzephyr.a(nrf_cc3xx_platform_abort_zephyr.c.obj)
                              (--whole-archive)
zephyr/libzephyr.a(nrf_cc3xx_platform_mutex_zephyr.c.obj)
                              (--whole-archive)
zephyr/arch/common/libarch__common.a(sw_isr_common.c.obj)
                              (--whole-archive)
zephyr/arch/arch/arm/core/libarch__arm__core.a(fatal.c.obj)
                              (--whole-archive)
zephyr/arch/arch/arm/core/libarch__arm__core.a(nmi.c.obj)
                              (--whole-archive)
zephyr/arch/arch/arm/core/libarch__arm__core.a(nmi_on_reset.S.obj)
                              (--whole-archive)
zephyr/arch/arch/arm/core/libarch__arm__core.a(tls.c.obj)
                              (--whole-archive)
zephyr/arch/arch/arm/core/cortex_m/libarch__arm__core__cortex_m.a(exc_exit.c.obj)
                              (--whole-archive)
zephyr/arch/arch/arm/core/cortex_m/libarch__arm__core__cortex_m.a(fault.c.obj)
                              (--whole-archive)
zephyr/arch/arch/arm/core/cortex_m/libarch__arm__core__cortex_m.a(fault_s.S.obj)
                              (--whole-archive)
zephyr/arch/arch/arm/core/cortex_m/libarch__arm__core__cortex_m.a(fpu.c.obj)
                              (--whole-archive)
zephyr/arch/arch/arm/core/cortex_m/libarch__arm__core__cortex_m.a(reset.S.obj)
                              (--whole-archive)
zephyr/arch/arch/arm/core/cortex_m/libarch__arm__core__cortex_m.a(scb.c.obj)
                              (--whole-archive)
[...]
Memory Configuration

Name             Origin             Length             Attributes
FLASH            0x0000000000000000 0x0000000000100000 xr
RAM              0x0000000020000000 0x0000000000070000 xw
IDT_LIST         0x00000000ffff7fff 0x0000000000008000 xw
*default*        0x0000000000000000 0xffffffffffffffff

Linker script and memory map

                0x000000000000e108                vfprintf = __l_vfprintf
                0x0000000000000000                vfscanf = __l_vfscanf
LOAD zephyr/CMakeFiles/zephyr_final.dir/misc/empty_file.c.obj
LOAD zephyr/CMakeFiles/zephyr_final.dir/isr_tables.c.obj
LOAD zephyr/CMakeFiles/offsets.dir/./arch/arm/core/offsets/offsets.c.obj
LOAD app/libapp.a
LOAD zephyr/libzephyr.a
LOAD zephyr/arch/common/libarch__common.a
LOAD zephyr/arch/arch/arm/core/libarch__arm__core.a
LOAD zephyr/arch/arch/arm/core/cortex_m/libarch__arm__core__cortex_m.a
LOAD zephyr/arch/arch/arm/core/cortex_m/cmse/libarch__arm__core__cortex_m__cmse.a
LOAD zephyr/arch/arch/arm/core/mpu/libarch__arm__core__mpu.a
LOAD zephyr/lib/libc/picolibc/liblib__libc__picolibc.a
LOAD zephyr/lib/libc/common/liblib__libc__common.a
LOAD zephyr/soc/soc/nrf5340/libsoc__nordic.a
LOAD zephyr/boards/nordic/nrf5340dk/libboards__nordic__nrf5340dk.a
LOAD zephyr/subsys/bluetooth/common/libsubsys__bluetooth__common.a
LOAD zephyr/subsys/bluetooth/host/libsubsys__bluetooth__host.a
LOAD zephyr/subsys/net/libsubsys__net.a
LOAD zephyr/drivers/adc/libdrivers__adc.a
LOAD zephyr/drivers/bluetooth/libdrivers__bluetooth.a
LOAD zephyr/drivers/clock_control/libdrivers__clock_control.a
LOAD zephyr/drivers/console/libdrivers__console.a
LOAD zephyr/drivers/gpio/libdrivers__gpio.a
LOAD zephyr/drivers/mbox/libdrivers__mbox.a
LOAD zephyr/drivers/pinctrl/libdrivers__pinctrl.a
LOAD zephyr/drivers/serial/libdrivers__serial.a
LOAD zephyr/drivers/timer/libdrivers__timer.a
LOAD modules/nrf/lib/dk_buttons_and_leds/lib..__nrf__lib__dk_buttons_and_leds.a
LOAD modules/nrf/drivers/hw_cc3xx/lib..__nrf__drivers__hw_cc3xx.a
LOAD modules/hal_nordic/nrfx/libmodules__hal_nordic__nrfx.a
LOAD modules/libmetal/libmetal/lib/libmetal.a
LOAD modules/open-amp/open-amp/lib/libopen_amp.a
LOAD zephyr/kernel/libkernel.a
LOAD c:/ncs/toolchains/ce3b5ff664/opt/zephyr-sdk/arm-zephyr-eabi/bin/../lib/gcc/arm-zephyr-eabi/12.2.0/thumb/v8-m.main/nofp\libgcc.a
LOAD zephyr/arch/common/libisr_tables.a
LOAD C:/ncs/v2.7.0/nrfxlib/crypto/nrf_cc312_platform/lib/cortex-m33/soft-float/no-interrupts/libnrf_cc312_platform_0.9.19.a
LOAD c:\ncs\toolchains\ce3b5ff664\opt\zephyr-sdk\arm-zephyr-eabi\bin\../lib/gcc/../../picolibc/arm-zephyr-eabi/lib/thumb/v8-m.main/nofp\libc.a
LOAD c:/ncs/toolchains/ce3b5ff664/opt/zephyr-sdk/arm-zephyr-eabi/bin/../lib/gcc/arm-zephyr-eabi/12.2.0/thumb/v8-m.main/nofp\libgcc.a
                0x0000000000000020                _region_min_align = 0x20

.rel.plt        0x0000000000000000        0x0
 *(SORT_BY_ALIGNMENT(.rel.plt))
                [!provide]                        PROVIDE (__rel_iplt_start = .)
 *(SORT_BY_ALIGNMENT(.rel.iplt))
 .rel.iplt      0x0000000000000000        0x0 zephyr/CMakeFiles/zephyr_final.dir/isr_tables.c.obj
                [!provide]                        PROVIDE (__rel_iplt_end = .)

.rela.plt       0x0000000000000000        0x0
 *(SORT_BY_ALIGNMENT(.rela.plt))
                [!provide]                        PROVIDE (__rela_iplt_start = .)
 *(SORT_BY_ALIGNMENT(.rela.iplt))
                [!provide]                        PROVIDE (__rela_iplt_end = .)

.rel.dyn
 *(SORT_BY_ALIGNMENT(.rel.*))

.rela.dyn
 *(SORT_BY_ALIGNMENT(.rela.*))

/DISCARD/
 *(SORT_BY_ALIGNMENT(.plt))

/DISCARD/
 *(SORT_BY_ALIGNMENT(.iplt))
                0x0000000000000000                __rom_region_start = 0x0

rom_start       0x0000000000000000      0x154
                0x0000000000000000                __rom_start_address = .
 FILL mask 0x00
                0x0000000000000000                . = (. + (0x0 - (. - __rom_start_address)))
                0x0000000000000000                . = ALIGN (0x4)
                0x0000000000000000                . = ALIGN (0x80)
                0x0000000000000000                . = ALIGN (0x200)
                0x0000000000000000                _vector_start = .
 *(SORT_BY_ALIGNMENT(.exc_vector_table))
 *(SORT_BY_ALIGNMENT(.exc_vector_table.*))
 .exc_vector_table._vector_table_section
                0x0000000000000000       0x40 zephyr/arch/arch/arm/core/cortex_m/libarch__arm__core__cortex_m.a(vector_table.S.obj)
                0x0000000000000000                _vector_table
 *(SORT_BY_ALIGNMENT(.vectors))
                0x0000000000000154                _vector_end = .
                0x0000000000000040                . = ALIGN (0x4)
 *(SORT_BY_ALIGNMENT(.gnu.linkonce.irq_vector_table*))
 .gnu.linkonce.irq_vector_table
                0x0000000000000040      0x114 zephyr/CMakeFiles/zephyr_final.dir/isr_tables.c.obj
                0x0000000000000040                _irq_vector_table
                0x0000000000000154                _vector_end = .

text            0x0000000000000154    0x136cc
                0x0000000000000154                __text_region_start = .
 *(SORT_BY_ALIGNMENT(.text))
 .text          0x0000000000000154       0x30 c:/ncs/toolchains/ce3b5ff664/opt/zephyr-sdk/arm-zephyr-eabi/bin/../lib/gcc/arm-zephyr-eabi/12.2.0/thumb/v8-m.main/nofp\libgcc.a(_aeabi_uldivmod.o)
                0x0000000000000154                __aeabi_uldivmod
 .text          0x0000000000000184        0x4 c:/ncs/toolchains/ce3b5ff664/opt/zephyr-sdk/arm-zephyr-eabi/bin/../lib/gcc/arm-zephyr-eabi/12.2.0/thumb/v8-m.main/nofp\libgcc.a(_dvmd_tls.o)
                0x0000000000000184                __aeabi_idiv0
                0x0000000000000184                __aeabi_ldiv0
 .text          0x0000000000000188      0x29c c:/ncs/toolchains/ce3b5ff664/opt/zephyr-sdk/arm-zephyr-eabi/bin/../lib/gcc/arm-zephyr-eabi/12.2.0/thumb/v8-m.main/nofp\libgcc.a(_udivmoddi4.o)
                0x0000000000000188                __udivmoddi4
 .text          0x0000000000000424       0x14 c:\ncs\toolchains\ce3b5ff664\opt\zephyr-sdk\arm-zephyr-eabi\bin\../lib/gcc/../../picolibc/arm-zephyr-eabi/lib/thumb/v8-m.main/nofp\libc.a(strcmp.S.o)
                0x0000000000000424                strcmp
 .text          0x0000000000000438       0x10 c:\ncs\toolchains\ce3b5ff664\opt\zephyr-sdk\arm-zephyr-eabi\bin\../lib/gcc/../../picolibc/arm-zephyr-eabi/lib/thumb/v8-m.main/nofp\libc.a(strcpy.S.o)
                0x0000000000000438                strcpy
 .text          0x0000000000000448       0x10 c:\ncs\toolchains\ce3b5ff664\opt\zephyr-sdk\arm-zephyr-eabi\bin\../lib/gcc/../../picolibc/arm-zephyr-eabi/lib/thumb/v8-m.main/nofp\libc.a(strlen.S.o)
                0x0000000000000448                strlen
 *(SORT_BY_ALIGNMENT(.text.*))
 .text.on_disconnected
                0x0000000000000458       0x18 app/libapp.a(main.c.obj)
 .text.button_changed
                0x0000000000000470       0x28 app/libapp.a(main.c.obj)
 .text.on_connected
                0x0000000000000498       0x28 app/libapp.a(main.c.obj)
 .text.send_data_thread
                0x00000000000004c0       0x38 app/libapp.a(main.c.obj)
                0x00000000000004c0                send_data_thread
 .text.main     0x00000000000004f8       0xfc app/libapp.a(main.c.obj)
                0x00000000000004f8                main
 .text.mylbsbc_ccc_cfg_changed
                0x00000000000005f4       0x10 app/libapp.a(my_lbs.c.obj)
 .text.mylbsbc_ccc_mysensor_cfg_changed
                0x0000000000000604       0x10 app/libapp.a(my_lbs.c.obj)
 .text.write_led
                0x0000000000000614       0x3c app/libapp.a(my_lbs.c.obj)
 .text.read_button
                0x0000000000000650       0x44 app/libapp.a(my_lbs.c.obj)
 .text.my_lbs_init
                0x0000000000000694       0x14 app/libapp.a(my_lbs.c.obj)
                0x0000000000000694                my_lbs_init
 .text.my_lbs_send_sensor_notify
                0x00000000000006a8       0x58 app/libapp.a(my_lbs.c.obj)
                0x00000000000006a8                my_lbs_send_sensor_notify
 .text.initializeADC
                0x0000000000000700       0x5c app/libapp.a(adc.c.obj)
                0x0000000000000700                initializeADC
 .text.readADCValue
                0x000000000000075c      0x10c app/libapp.a(adc.c.obj)
                0x000000000000075c                readADCValue
 .text.cbvprintf_package
                0x0000000000000868      0x3a4 zephyr/libzephyr.a(cbprintf_packaged.c.obj)
                0x0000000000000868                cbvprintf_package
 .text.cbprintf_package_convert
                0x0000000000000c0c      0x3c0 zephyr/libzephyr.a(cbprintf_packaged.c.obj)
                0x0000000000000c0c                cbprintf_package_convert
 .text.__printk_hook_install
                0x0000000000000fcc        0xc zephyr/libzephyr.a(printk.c.obj)
                0x0000000000000fcc                __printk_hook_install
 .text.z_thread_entry
                0x0000000000000fd8       0x34 zephyr/libzephyr.a(thread_entry.c.obj)
                0x0000000000000fd8                z_thread_entry
 .text.process_event
                0x000000000000100c      0x21c zephyr/libzephyr.a(onoff.c.obj)
 .text.ipc_service_open_instance
                0x0000000000001228       0x40 zephyr/libzephyr.a(ipc_service.c.obj)
                0x0000000000001228                ipc_service_open_instance
 .text.ipc_service_close_instance
                0x0000000000001268       0x40 zephyr/libzephyr.a(ipc_service.c.obj)
                0x0000000000001268                ipc_service_close_instance
 .text.ipc_service_register_endpoint
                0x00000000000012a8       0x44 zephyr/libzephyr.a(ipc_service.c.obj)
                0x00000000000012a8                ipc_service_register_endpoint
 .text.ipc_service_deregister_endpoint
                0x00000000000012ec       0x58 zephyr/libzephyr.a(ipc_service.c.obj)
                0x00000000000012ec                ipc_service_deregister_endpoint
 .text.ipc_service_send
                0x0000000000001344       0x5c zephyr/libzephyr.a(ipc_service.c.obj)
                0x0000000000001344                ipc_service_send
 .text.shared_memory_prepare
                0x00000000000013a0       0x14 zephyr/libzephyr.a(ipc_rpmsg_static_vrings.c.obj)
 .text.advertise_ept
                0x00000000000013b4       0x44 zephyr/libzephyr.a(ipc_rpmsg_static_vrings.c.obj)
 .text.get_ept  0x00000000000013f8       0x28 zephyr/libzephyr.a(ipc_rpmsg_static_vrings.c.obj)
 .text.open     0x0000000000001420      0x1b8 zephyr/libzephyr.a(ipc_rpmsg_static_vrings.c.obj)
 .text.bound_cb
                0x00000000000015d8       0x30 zephyr/libzephyr.a(ipc_rpmsg_static_vrings.c.obj)
 .text.send     0x0000000000001608       0x4c zephyr/libzephyr.a(ipc_rpmsg_static_vrings.c.obj)
 .text.register_ept
                0x0000000000001654       0xe0 zephyr/libzephyr.a(ipc_rpmsg_static_vrings.c.obj)
 .text.deregister_ept
                0x0000000000001734       0x44 zephyr/libzephyr.a(ipc_rpmsg_static_vrings.c.obj)
 .text.ns_bind_cb
                0x0000000000001778       0x6c zephyr/libzephyr.a(ipc_rpmsg.c.obj)
 .text.ipc_rpmsg_register_ept
                0x00000000000017e4       0x3c zephyr/libzephyr.a(ipc_rpmsg.c.obj)
                0x00000000000017e4                ipc_rpmsg_register_ept
 .text.ipc_rpmsg_init
                0x0000000000001820       0x70 zephyr/libzephyr.a(ipc_rpmsg.c.obj)
                0x0000000000001820                ipc_rpmsg_init
 .text.ipc_static_vrings_init
                0x0000000000001890      0x108 zephyr/libzephyr.a(ipc_static_vrings.c.obj)
                0x0000000000001890                ipc_static_vrings_init
 .text.activate_foreach_backend
                0x0000000000001998       0x64 zephyr/libzephyr.a(log_core.c.obj)
 .text.enable_logger
                0x00000000000019fc       0x5c zephyr/libzephyr.a(log_core.c.obj)
 .text.log_process_thread_timer_expiry_fn
                0x0000000000001a58        0xc zephyr/libzephyr.a(log_core.c.obj)
 .text.z_log_init
                0x0000000000001a64       0x90 zephyr/libzephyr.a(log_core.c.obj)
 .text.log_format_func_t_get
                0x0000000000001af4        0xc zephyr/libzephyr.a(log_core.c.obj)
                0x0000000000001af4                log_format_func_t_get
 .text.log_set_timestamp_func
                0x0000000000001b00       0x20 zephyr/libzephyr.a(log_core.c.obj)
                0x0000000000001b00                log_set_timestamp_func
 .text.z_log_notify_backend_enabled
                0x0000000000001b20       0x1c zephyr/libzephyr.a(log_core.c.obj)
                0x0000000000001b20                z_log_notify_backend_enabled
 .text.z_log_dropped
                0x0000000000001b3c       0x28 zephyr/libzephyr.a(log_core.c.obj)
                0x0000000000001b3c                z_log_dropped
 .text.z_log_dropped_read_and_clear
                0x0000000000001b64       0x18 zephyr/libzephyr.a(log_core.c.obj)
                0x0000000000001b64                z_log_dropped_read_and_clear
 .text.dropped_notify
                0x0000000000001b7c       0x30 zephyr/libzephyr.a(log_core.c.obj)
                0x0000000000001b7c                dropped_notify
 .text.z_log_msg_init
                0x0000000000001bac       0x20 zephyr/libzephyr.a(log_core.c.obj)
                0x0000000000001bac                z_log_msg_init
 .text.log_core_init
                0x0000000000001bcc       0x34 zephyr/libzephyr.a(log_core.c.obj)
                0x0000000000001bcc                log_core_init
 .text.z_log_msg_alloc
                0x0000000000001c00       0x10 zephyr/libzephyr.a(log_core.c.obj)
                0x0000000000001c00                z_log_msg_alloc
 .text.z_log_msg_local_claim
                0x0000000000001c10        0xc zephyr/libzephyr.a(log_core.c.obj)
                0x0000000000001c10                z_log_msg_local_claim
 .text.z_log_msg_free
                0x0000000000001c1c       0x10 zephyr/libzephyr.a(log_core.c.obj)
                0x0000000000001c1c                z_log_msg_free
 .text.z_log_msg_pending
                0x0000000000001c2c        0xc zephyr/libzephyr.a(log_core.c.obj)
                0x0000000000001c2c                z_log_msg_pending
 .text.z_impl_log_process
                0x0000000000001c38       0xb4 zephyr/libzephyr.a(log_core.c.obj)
                0x0000000000001c38                z_impl_log_process
 .text.z_impl_log_panic
                0x0000000000001cec       0x44 zephyr/libzephyr.a(log_core.c.obj)
                0x0000000000001cec                z_impl_log_panic
 .text.log_process_thread_func
                0x0000000000001d30       0xa4 zephyr/libzephyr.a(log_core.c.obj)
 .text.z_log_msg_post_finalize
                0x0000000000001dd4       0x78 zephyr/libzephyr.a(log_core.c.obj)
 .text.z_log_msg_commit
                0x0000000000001e4c       0x24 zephyr/libzephyr.a(log_core.c.obj)
                0x0000000000001e4c                z_log_msg_commit
 .text.log_source_name_get
                0x0000000000001e70       0x1c zephyr/libzephyr.a(log_mgmt.c.obj)
                0x0000000000001e70                log_source_name_get
 .text.log_backend_enable
                0x0000000000001e8c       0x28 zephyr/libzephyr.a(log_mgmt.c.obj)
                0x0000000000001e8c                log_backend_enable
 .text.z_impl_z_log_msg_static_create
                0x0000000000001eb4      0x108 zephyr/libzephyr.a(log_msg.c.obj)
                0x0000000000001eb4                z_impl_z_log_msg_static_create
 .text.z_log_msg_runtime_vcreate
                0x0000000000001fbc       0x8c zephyr/libzephyr.a(log_msg.c.obj)
                0x0000000000001fbc                z_log_msg_runtime_vcreate
 .text.log_msg_get_source_id
                0x0000000000002048       0x18 zephyr/libzephyr.a(log_msg.c.obj)
                0x0000000000002048                log_msg_get_source_id
 .text.print_formatted
                0x0000000000002060       0x24 zephyr/libzephyr.a(log_output.c.obj)
 .text.newline_print
                0x0000000000002084       0x1c zephyr/libzephyr.a(log_output.c.obj)
 .text.log_output_process
                0x00000000000020a0      0x2d4 zephyr/libzephyr.a(log_output.c.obj)
                0x00000000000020a0                log_output_process
 .text.log_output_dropped_process
                0x0000000000002374       0x58 zephyr/libzephyr.a(log_output.c.obj)
                0x0000000000002374                log_output_dropped_process
 .text.log_output_timestamp_freq_set
                0x00000000000023cc       0x2c zephyr/libzephyr.a(log_output.c.obj)
                0x00000000000023cc                log_output_timestamp_freq_set
 .text.char_out
                0x00000000000023f8       0x24 zephyr/libzephyr.a(log_backend_uart.c.obj)
 .text.mem_attr_get_regions
                0x000000000000241c        0xc zephyr/libzephyr.a(mem_attr.c.obj)
                0x000000000000241c                mem_attr_get_regions
 .text.boot_banner
                0x0000000000002428       0x1c zephyr/libzephyr.a(banner.c.obj)
                0x0000000000002428                boot_banner
 .text.sub_bytes
                0x0000000000002444       0x18 zephyr/libzephyr.a(aes_encrypt.c.obj)
 .text.tc_aes128_set_encrypt_key
                0x000000000000245c       0xa8 zephyr/libzephyr.a(aes_encrypt.c.obj)
                0x000000000000245c                tc_aes128_set_encrypt_key
 .text.compress
                0x0000000000002504      0x1d4 zephyr/libzephyr.a(sha256.c.obj)
 .text.tc_sha256_init
                0x00000000000026d8       0x58 zephyr/libzephyr.a(sha256.c.obj)
                0x00000000000026d8                tc_sha256_init
 .text.nrf_cc3xx_platform_abort_init
                0x0000000000002730        0xc zephyr/libzephyr.a(nrf_cc3xx_platform_abort_zephyr.c.obj)
                0x0000000000002730                nrf_cc3xx_platform_abort_init
 .text.mutex_free_platform
                0x000000000000273c       0x54 zephyr/libzephyr.a(nrf_cc3xx_platform_mutex_zephyr.c.obj)
 .text.mutex_lock_platform
                0x0000000000002790       0x74 zephyr/libzephyr.a(nrf_cc3xx_platform_mutex_zephyr.c.obj)
 .text.mutex_unlock_platform
                0x0000000000002804       0x68 zephyr/libzephyr.a(nrf_cc3xx_platform_mutex_zephyr.c.obj)
 .text.mutex_init_platform
                0x000000000000286c       0x94 zephyr/libzephyr.a(nrf_cc3xx_platform_mutex_zephyr.c.obj)
 .text.nrf_cc3xx_platform_mutex_init
                0x0000000000002900       0x2c zephyr/libzephyr.a(nrf_cc3xx_platform_mutex_zephyr.c.obj)
                0x0000000000002900                nrf_cc3xx_platform_mutex_init
 .text.z_arm_fatal_error
                0x000000000000292c       0xb8 zephyr/arch/arch/arm/core/libarch__arm__core.a(fatal.c.obj)
                0x000000000000292c                z_arm_fatal_error
 .text.z_SysNmiOnReset
                0x00000000000029e4        0x8 zephyr/arch/arch/arm/core/libarch__arm__core.a(nmi_on_reset.S.obj)
                0x00000000000029e4                z_SysNmiOnReset
 .text.arch_tls_stack_setup
                0x00000000000029ec       0x40 zephyr/arch/arch/arm/core/libarch__arm__core.a(tls.c.obj)
                0x00000000000029ec                arch_tls_stack_setup
 .text._HandlerModeExit
                0x0000000000002a2c       0x28 zephyr/arch/arch/arm/core/cortex_m/libarch__arm__core__cortex_m.a(exc_exit.c.obj)
                0x0000000000002a2c                z_arm_int_exit
                0x0000000000002a2c                z_arm_exc_exit
 .text.mem_manage_fault.constprop.0
                0x0000000000002a54       0xd0 zephyr/arch/arch/arm/core/cortex_m/libarch__arm__core__cortex_m.a(fault.c.obj)
 .text.usage_fault.constprop.0
                0x0000000000002b24       0xbc zephyr/arch/arch/arm/core/cortex_m/libarch__arm__core__cortex_m.a(fault.c.obj)
 .text.bus_fault.constprop.0
                0x0000000000002be0       0xd0 zephyr/arch/arch/arm/core/cortex_m/libarch__arm__core__cortex_m.a(fault.c.obj)
 .text.z_arm_fault
                0x0000000000002cb0      0x1d0 zephyr/arch/arch/arm/core/cortex_m/libarch__arm__core__cortex_m.a(fault.c.obj)
                0x0000000000002cb0                z_arm_fault
 .text.z_arm_fault_init
                0x0000000000002e80       0x18 zephyr/arch/arch/arm/core/cortex_m/libarch__arm__core__cortex_m.a(fault.c.obj)
                0x0000000000002e80                z_arm_fault_init
 .text.__fault  0x0000000000002e98       0x14 zephyr/arch/arch/arm/core/cortex_m/libarch__arm__core__cortex_m.a(fault_s.S.obj)
                0x0000000000002e98                z_arm_usage_fault
                0x0000000000002e98                z_arm_mpu_fault
                0x0000000000002e98                z_arm_exc_spurious
                0x0000000000002e98                z_arm_debug_monitor
                0x0000000000002e98                z_arm_hard_fault
                0x0000000000002e98                z_arm_bus_fault
 .text._reset_section
                0x0000000000002eac       0x60 zephyr/arch/arch/arm/core/cortex_m/libarch__arm__core__cortex_m.a(reset.S.obj)
                0x0000000000002eac                __start
                0x0000000000002eac                z_arm_reset
 .text.z_arm_clear_arm_mpu_config
                0x0000000000002f0c       0x24 zephyr/arch/arch/arm/core/cortex_m/libarch__arm__core__cortex_m.a(scb.c.obj)
                0x0000000000002f0c                z_arm_clear_arm_mpu_config
 .text.z_arm_init_arch_hw_at_boot
                0x0000000000002f30       0x4c zephyr/arch/arch/arm/core/cortex_m/libarch__arm__core__cortex_m.a(scb.c.obj)
                0x0000000000002f30                z_arm_init_arch_hw_at_boot
 .text.z_impl_k_thread_abort
                0x0000000000002f7c       0x2c zephyr/arch/arch/arm/core/cortex_m/libarch__arm__core__cortex_m.a(thread_abort.c.obj)
                0x0000000000002f7c                z_impl_k_thread_abort
 .text.arch_swap
                0x0000000000002fa8       0x30 zephyr/arch/arch/arm/core/cortex_m/libarch__arm__core__cortex_m.a(swap.c.obj)
                0x0000000000002fa8                arch_swap
 .text.z_arm_pendsv_c
                0x0000000000002fd8       0x40 zephyr/arch/arch/arm/core/cortex_m/libarch__arm__core__cortex_m.a(swap.c.obj)
                0x0000000000002fd8                z_arm_pendsv_c
 .text.z_arm_pendsv
                0x0000000000003018       0x40 zephyr/arch/arch/arm/core/cortex_m/libarch__arm__core__cortex_m.a(swap_helper.S.obj)
                0x0000000000003018                z_arm_pendsv
 .text.z_arm_svc
                0x0000000000003058       0x20 zephyr/arch/arch/arm/core/cortex_m/libarch__arm__core__cortex_m.a(swap_helper.S.obj)
                0x0000000000003058                z_arm_svc
 .text.arch_irq_enable
                0x0000000000003078       0x1c zephyr/arch/arch/arm/core/cortex_m/libarch__arm__core__cortex_m.a(irq_manage.c.obj)
                0x0000000000003078                arch_irq_enable
 .text.arch_irq_disable
                0x0000000000003094       0x28 zephyr/arch/arch/arm/core/cortex_m/libarch__arm__core__cortex_m.a(irq_manage.c.obj)
                0x0000000000003094                arch_irq_disable
 .text.arch_irq_is_enabled
                0x00000000000030bc       0x1c zephyr/arch/arch/arm/core/cortex_m/libarch__arm__core__cortex_m.a(irq_manage.c.obj)
                0x00000000000030bc                arch_irq_is_enabled
 .text.z_arm_irq_priority_set
                0x00000000000030d8       0x2c zephyr/arch/arch/arm/core/cortex_m/libarch__arm__core__cortex_m.a(irq_manage.c.obj)
                0x00000000000030d8                z_arm_irq_priority_set
 .text.z_prep_c
                0x0000000000003104       0x38 zephyr/arch/arch/arm/core/cortex_m/libarch__arm__core__cortex_m.a(prep_c.c.obj)
                0x0000000000003104                z_prep_c
 .text.arch_new_thread
                0x000000000000313c       0x38 zephyr/arch/arch/arm/core/cortex_m/libarch__arm__core__cortex_m.a(thread.c.obj)
                0x000000000000313c                arch_new_thread
 .text.arch_switch_to_main_thread
                0x0000000000003174       0x44 zephyr/arch/arch/arm/core/cortex_m/libarch__arm__core__cortex_m.a(thread.c.obj)
                0x0000000000003174                arch_switch_to_main_thread
 .text.z_arm_cpu_idle_init
                0x00000000000031b8        0xc zephyr/arch/arch/arm/core/cortex_m/libarch__arm__core__cortex_m.a(cpu_idle.c.obj)
                0x00000000000031b8                z_arm_cpu_idle_init
 .text.z_arm_interrupt_init
                0x00000000000031c4       0x18 zephyr/arch/arch/arm/core/cortex_m/libarch__arm__core__cortex_m.a(irq_init.c.obj)
                0x00000000000031c4                z_arm_interrupt_init
 .text._isr_wrapper
                0x00000000000031dc       0x24 zephyr/arch/arch/arm/core/cortex_m/libarch__arm__core__cortex_m.a(isr_wrapper.c.obj)
                0x00000000000031dc                _isr_wrapper
 .text.z_arm_configure_static_mpu_regions
                0x0000000000003200       0x38 zephyr/arch/arch/arm/core/mpu/libarch__arm__core__mpu.a(arm_core_mpu.c.obj)
                0x0000000000003200                z_arm_configure_static_mpu_regions
 .text.region_init
                0x0000000000003238       0x34 zephyr/arch/arch/arm/core/mpu/libarch__arm__core__mpu.a(arm_mpu.c.obj)
 .text.region_allocate_and_init
                0x000000000000326c       0x38 zephyr/arch/arch/arm/core/mpu/libarch__arm__core__mpu.a(arm_mpu.c.obj)
 .text.mpu_configure_regions_and_partition.constprop.0
                0x00000000000032a4      0x164 zephyr/arch/arch/arm/core/mpu/libarch__arm__core__mpu.a(arm_mpu.c.obj)
 .text.arm_core_mpu_enable
                0x0000000000003408       0x18 zephyr/arch/arch/arm/core/mpu/libarch__arm__core__mpu.a(arm_mpu.c.obj)
                0x0000000000003408                arm_core_mpu_enable
 .text.arm_core_mpu_disable
                0x0000000000003420       0x14 zephyr/arch/arch/arm/core/mpu/libarch__arm__core__mpu.a(arm_mpu.c.obj)
                0x0000000000003420                arm_core_mpu_disable
 .text.arm_core_mpu_configure_static_mpu_regions
                0x0000000000003434       0x14 zephyr/arch/arch/arm/core/mpu/libarch__arm__core__mpu.a(arm_mpu.c.obj)
                0x0000000000003434                arm_core_mpu_configure_static_mpu_regions
 .text.arm_core_mpu_mark_areas_for_dynamic_regions
                0x0000000000003448       0xb8 zephyr/arch/arch/arm/core/mpu/libarch__arm__core__mpu.a(arm_mpu.c.obj)
                0x0000000000003448                arm_core_mpu_mark_areas_for_dynamic_regions
 .text.z_arm_mpu_init
                0x0000000000003500      0x11c zephyr/arch/arch/arm/core/mpu/libarch__arm__core__mpu.a(arm_mpu.c.obj)
                0x0000000000003500                z_arm_mpu_init
 .text.z_impl_zephyr_fputc
                0x000000000000361c       0x10 zephyr/lib/libc/picolibc/liblib__libc__picolibc.a(libc-hooks.c.obj)
                0x000000000000361c                z_impl_zephyr_fputc
 .text.__stdout_hook_install
                0x000000000000362c       0x18 zephyr/lib/libc/picolibc/liblib__libc__picolibc.a(libc-hooks.c.obj)
                0x000000000000362c                __stdout_hook_install
 .text.cbvprintf
                0x0000000000003644       0x38 zephyr/lib/libc/picolibc/liblib__libc__picolibc.a(libc-hooks.c.obj)
                0x0000000000003644                cbvprintf
 .text.malloc_prepare
                0x000000000000367c       0x24 zephyr/lib/libc/common/liblib__libc__common.a(malloc.c.obj)
 .text.nrf_gpio_pin_control_select
                0x00000000000036a0       0x3c zephyr/soc/soc/nrf5340/libsoc__nordic.a(soc.c.obj)
 .text.nordicsemi_nrf53_init
                0x00000000000036dc       0x5c zephyr/soc/soc/nrf5340/libsoc__nordic.a(soc.c.obj)
 .text.rtc_pretick_init
                0x0000000000003738       0x60 zephyr/soc/soc/nrf5340/libsoc__nordic.a(soc.c.obj)
 .text.z_arm_on_enter_cpu_idle
                0x0000000000003798       0x64 zephyr/soc/soc/nrf5340/libsoc__nordic.a(soc.c.obj)
                0x0000000000003798                z_arm_on_enter_cpu_idle
 .text.arch_busy_wait
                0x00000000000037fc       0x24 zephyr/soc/soc/nrf5340/libsoc__nordic.a(soc.c.obj)
                0x00000000000037fc                arch_busy_wait
 .text.nrf53_cpunet_mgmt_init
                0x0000000000003820       0x10 zephyr/soc/soc/nrf5340/libsoc__nordic.a(nrf53_cpunet_mgmt.c.obj)
 .text.onoff_start
                0x0000000000003830       0x6c zephyr/soc/soc/nrf5340/libsoc__nordic.a(nrf53_cpunet_mgmt.c.obj)
 .text.nrf53_cpunet_enable
                0x000000000000389c       0x34 zephyr/soc/soc/nrf5340/libsoc__nordic.a(nrf53_cpunet_mgmt.c.obj)
                0x000000000000389c                nrf53_cpunet_enable
 .text.rtc_cb   0x00000000000038d0       0x40 zephyr/soc/soc/nrf5340/libsoc__nordic.a(sync_rtc.c.obj)
 .text.sync_rtc_setup
                0x0000000000003910       0xbc zephyr/soc/soc/nrf5340/libsoc__nordic.a(sync_rtc.c.obj)
 .text.mbox_callback
                0x00000000000039cc       0x80 zephyr/soc/soc/nrf5340/libsoc__nordic.a(sync_rtc.c.obj)
 .text.remoteproc_mgr_boot
                0x0000000000003a4c       0x68 zephyr/boards/nordic/nrf5340dk/libboards__nordic__nrf5340dk.a(nrf5340_cpunet_reset.c.obj)
 .text.bt_hex   0x0000000000003ab4       0x44 zephyr/subsys/bluetooth/common/libsubsys__bluetooth__common.a(bt_str.c.obj)
                0x0000000000003ab4                bt_hex
 .text.bt_addr_le_str
                0x0000000000003af8       0x7c zephyr/subsys/bluetooth/common/libsubsys__bluetooth__common.a(bt_str.c.obj)
                0x0000000000003af8                bt_addr_le_str
 .text.long_wq_init
                0x0000000000003b74       0x38 zephyr/subsys/bluetooth/host/libsubsys__bluetooth__host.a(long_wq.c.obj)
 .text.bt_long_wq_schedule
                0x0000000000003bac        0xc zephyr/subsys/bluetooth/host/libsubsys__bluetooth__host.a(long_wq.c.obj)
                0x0000000000003bac                bt_long_wq_schedule
 .text.uuid_to_uuid128
                0x0000000000003bb8       0x78 zephyr/subsys/bluetooth/host/libsubsys__bluetooth__host.a(uuid.c.obj)
 .text.bt_buf_get_rx
                0x0000000000003c30       0x2c zephyr/subsys/bluetooth/host/libsubsys__bluetooth__host.a(buf.c.obj)
                0x0000000000003c30                bt_buf_get_rx
 .text.bt_buf_get_evt
                0x0000000000003c5c       0x38 zephyr/subsys/bluetooth/host/libsubsys__bluetooth__host.a(buf.c.obj)
                0x0000000000003c5c                bt_buf_get_evt
 .text.hci_data_buf_overflow
                0x0000000000003c94       0x18 zephyr/subsys/bluetooth/host/libsubsys__bluetooth__host.a(hci_core.c.obj)
 .text.handle_event_common
                0x0000000000003cac       0x50 zephyr/subsys/bluetooth/host/libsubsys__bluetooth__host.a(hci_core.c.obj)
 .text.hci_disconn_complete_prio
                0x0000000000003cfc       0x4c zephyr/subsys/bluetooth/host/libsubsys__bluetooth__host.a(hci_core.c.obj)
 .text.hci_disconn_complete
                0x0000000000003d48       0x44 zephyr/subsys/bluetooth/host/libsubsys__bluetooth__host.a(hci_core.c.obj)
 .text.le_phy_update_complete
                0x0000000000003d8c       0x34 zephyr/subsys/bluetooth/host/libsubsys__bluetooth__host.a(hci_core.c.obj)
 .text.le_data_len_change
                0x0000000000003dc0       0x30 zephyr/subsys/bluetooth/host/libsubsys__bluetooth__host.a(hci_core.c.obj)
 .text.hci_hardware_error
                0x0000000000003df0       0x24 zephyr/subsys/bluetooth/host/libsubsys__bluetooth__host.a(hci_core.c.obj)
 .text.rx_queue_put
                0x0000000000003e14       0x3c zephyr/subsys/bluetooth/host/libsubsys__bluetooth__host.a(hci_core.c.obj)
 .text.find_pending_connect.part.0
                0x0000000000003e50       0x2c zephyr/subsys/bluetooth/host/libsubsys__bluetooth__host.a(hci_core.c.obj)
 .text.le_conn_param_neg_reply.part.0
                0x0000000000003e7c       0x14 zephyr/subsys/bluetooth/host/libsubsys__bluetooth__host.a(hci_core.c.obj)
 .text.hci_vendor_event
                0x0000000000003e90       0x60 zephyr/subsys/bluetooth/host/libsubsys__bluetooth__host.a(hci_core.c.obj)
 .text.handle_event.part.0
                0x0000000000003ef0       0x48 zephyr/subsys/bluetooth/host/libsubsys__bluetooth__host.a(hci_core.c.obj)
 .text.hci_le_meta_event
                0x0000000000003f38       0x20 zephyr/subsys/bluetooth/host/libsubsys__bluetooth__host.a(hci_core.c.obj)
 .text.le_remote_feat_complete
                0x0000000000003f58       0x54 zephyr/subsys/bluetooth/host/libsubsys__bluetooth__host.a(hci_core.c.obj)
 .text.rx_work_handler
                0x0000000000003fac      0x138 zephyr/subsys/bluetooth/host/libsubsys__bluetooth__host.a(hci_core.c.obj)
 .text.hci_cmd_done.part.0
                0x00000000000040e4      0x134 zephyr/subsys/bluetooth/host/libsubsys__bluetooth__host.a(hci_core.c.obj)
 .text.hci_cmd_status
                0x0000000000004218       0x30 zephyr/subsys/bluetooth/host/libsubsys__bluetooth__host.a(hci_core.c.obj)
 .text.hci_cmd_complete
                0x0000000000004248       0x50 zephyr/subsys/bluetooth/host/libsubsys__bluetooth__host.a(hci_core.c.obj)
 .text.hci_num_completed_packets
                0x0000000000004298      0x138 zephyr/subsys/bluetooth/host/libsubsys__bluetooth__host.a(hci_core.c.obj)
 .text.le_conn_update_complete
                0x00000000000043d0       0xc4 zephyr/subsys/bluetooth/host/libsubsys__bluetooth__host.a(hci_core.c.obj)
 .text.bt_hci_cmd_state_set_init
                0x0000000000004494       0x24 zephyr/subsys/bluetooth/host/libsubsys__bluetooth__host.a(hci_core.c.obj)
                0x0000000000004494                bt_hci_cmd_state_set_init
 .text.bt_hci_cmd_create
                0x00000000000044b8       0x78 zephyr/subsys/bluetooth/host/libsubsys__bluetooth__host.a(hci_core.c.obj)
                0x00000000000044b8                bt_hci_cmd_create
 .text.bt_hci_cmd_send_sync
                0x0000000000004530       0xf4 zephyr/subsys/bluetooth/host/libsubsys__bluetooth__host.a(hci_core.c.obj)
                0x0000000000004530                bt_hci_cmd_send_sync
 .text.hci_le_read_max_data_len
                0x0000000000004624       0x7c zephyr/subsys/bluetooth/host/libsubsys__bluetooth__host.a(hci_core.c.obj)
 .text.bt_hci_le_rand
                0x00000000000046a0       0x58 zephyr/subsys/bluetooth/host/libsubsys__bluetooth__host.a(hci_core.c.obj)
                0x00000000000046a0                bt_hci_le_rand
 .text.bt_hci_le_enh_conn_complete
                0x00000000000046f8      0x2b8 zephyr/subsys/bluetooth/host/libsubsys__bluetooth__host.a(hci_core.c.obj)
                0x00000000000046f8                bt_hci_le_enh_conn_complete
 .text.le_legacy_conn_complete
                0x00000000000049b0       0x70 zephyr/subsys/bluetooth/host/libsubsys__bluetooth__host.a(hci_core.c.obj)
 .text.bt_hci_get_ver_str
                0x0000000000004a20       0x3c zephyr/subsys/bluetooth/host/libsubsys__bluetooth__host.a(hci_core.c.obj)
                0x0000000000004a20                bt_hci_get_ver_str
 .text.bt_send  0x0000000000004a5c       0x10 zephyr/subsys/bluetooth/host/libsubsys__bluetooth__host.a(hci_core.c.obj)
                0x0000000000004a5c                bt_send
 .text.bt_hci_cmd_send
                0x0000000000004a6c       0x58 zephyr/subsys/bluetooth/host/libsubsys__bluetooth__host.a(hci_core.c.obj)
                0x0000000000004a6c                bt_hci_cmd_send
 .text.bt_hci_host_num_completed_packets
                0x0000000000004ac4       0xd8 zephyr/subsys/bluetooth/host/libsubsys__bluetooth__host.a(hci_core.c.obj)
                0x0000000000004ac4                bt_hci_host_num_completed_packets
 .text.le_conn_param_req
                0x0000000000004b9c       0xc0 zephyr/subsys/bluetooth/host/libsubsys__bluetooth__host.a(hci_core.c.obj)
 .text.hci_tx_thread
                0x0000000000004c5c      0x164 zephyr/subsys/bluetooth/host/libsubsys__bluetooth__host.a(hci_core.c.obj)
 .text.hci_event_prio
                0x0000000000004dc0       0xa0 zephyr/subsys/bluetooth/host/libsubsys__bluetooth__host.a(hci_core.c.obj)
                0x0000000000004dc0                hci_event_prio
 .text.bt_recv  0x0000000000004e60       0x5c zephyr/subsys/bluetooth/host/libsubsys__bluetooth__host.a(hci_core.c.obj)
                0x0000000000004e60                bt_recv
 .text.bt_hci_driver_register
                0x0000000000004ebc       0x28 zephyr/subsys/bluetooth/host/libsubsys__bluetooth__host.a(hci_core.c.obj)
                0x0000000000004ebc                bt_hci_driver_register
 .text.bt_finalize_init
                0x0000000000004ee4      0x134 zephyr/subsys/bluetooth/host/libsubsys__bluetooth__host.a(hci_core.c.obj)
                0x0000000000004ee4                bt_finalize_init
 .text.bt_init  0x0000000000005018      0x554 zephyr/subsys/bluetooth/host/libsubsys__bluetooth__host.a(hci_core.c.obj)
 .text.init_work
                0x000000000000556c       0x18 zephyr/subsys/bluetooth/host/libsubsys__bluetooth__host.a(hci_core.c.obj)
 .text.bt_enable
                0x0000000000005584      0x104 zephyr/subsys/bluetooth/host/libsubsys__bluetooth__host.a(hci_core.c.obj)
                0x0000000000005584                bt_enable
 .text.bt_get_name
                0x0000000000005688        0x8 zephyr/subsys/bluetooth/host/libsubsys__bluetooth__host.a(hci_core.c.obj)
                0x0000000000005688                bt_get_name
 .text.id_find  0x0000000000005690       0x30 zephyr/subsys/bluetooth/host/libsubsys__bluetooth__host.a(id.c.obj)
 .text.set_random_address
                0x00000000000056c0       0x74 zephyr/subsys/bluetooth/host/libsubsys__bluetooth__host.a(id.c.obj)
 .text.id_create.constprop.0
                0x0000000000005734       0x74 zephyr/subsys/bluetooth/host/libsubsys__bluetooth__host.a(id.c.obj)
 .text.bt_id_create
                0x00000000000057a8       0x98 zephyr/subsys/bluetooth/host/libsubsys__bluetooth__host.a(id.c.obj)
                0x00000000000057a8                bt_id_create
 .text.bt_id_read_public_addr
                0x0000000000005840       0x88 zephyr/subsys/bluetooth/host/libsubsys__bluetooth__host.a(id.c.obj)
                0x0000000000005840                bt_id_read_public_addr
 .text.bt_setup_public_id_addr
                0x00000000000058c8       0x20 zephyr/subsys/bluetooth/host/libsubsys__bluetooth__host.a(id.c.obj)
                0x00000000000058c8                bt_setup_public_id_addr
 .text.bt_setup_random_id_addr
                0x00000000000058e8       0xd8 zephyr/subsys/bluetooth/host/libsubsys__bluetooth__host.a(id.c.obj)
                0x00000000000058e8                bt_setup_random_id_addr
 .text.bt_id_set_adv_own_addr
                0x00000000000059c0       0xd4 zephyr/subsys/bluetooth/host/libsubsys__bluetooth__host.a(id.c.obj)
                0x00000000000059c0                bt_id_set_adv_own_addr
 .text.bt_id_init
                0x0000000000005a94       0x54 zephyr/subsys/bluetooth/host/libsubsys__bluetooth__host.a(id.c.obj)
                0x0000000000005a94                bt_id_init
 .text.hci_set_ad
                0x0000000000005ae8       0xd0 zephyr/subsys/bluetooth/host/libsubsys__bluetooth__host.a(adv.c.obj)
 .text.adv_is_directed
                0x0000000000005bb8       0x18 zephyr/subsys/bluetooth/host/libsubsys__bluetooth__host.a(adv.c.obj)
 .text.le_adv_start_add_conn
                0x0000000000005bd0       0x60 zephyr/subsys/bluetooth/host/libsubsys__bluetooth__host.a(adv.c.obj)
 .text.valid_adv_param
                0x0000000000005c30       0x84 zephyr/subsys/bluetooth/host/libsubsys__bluetooth__host.a(adv.c.obj)
 .text.bt_le_adv_lookup_legacy
                0x0000000000005cb4        0x8 zephyr/subsys/bluetooth/host/libsubsys__bluetooth__host.a(adv.c.obj)
                0x0000000000005cb4                bt_le_adv_lookup_legacy
 .text.bt_le_adv_start_legacy
                0x0000000000005cbc      0x278 zephyr/subsys/bluetooth/host/libsubsys__bluetooth__host.a(adv.c.obj)
                0x0000000000005cbc                bt_le_adv_start_legacy
 .text.bt_le_adv_start
                0x0000000000005f34       0x64 zephyr/subsys/bluetooth/host/libsubsys__bluetooth__host.a(adv.c.obj)
                0x0000000000005f34                bt_le_adv_start
 .text.bt_le_adv_stop
                0x0000000000005f98       0x78 zephyr/subsys/bluetooth/host/libsubsys__bluetooth__host.a(adv.c.obj)
                0x0000000000005f98                bt_le_adv_stop
 .text.adv_timeout
                0x0000000000006010       0x24 zephyr/subsys/bluetooth/host/libsubsys__bluetooth__host.a(adv.c.obj)
 .text.bt_le_adv_resume
                0x0000000000006034       0xe0 zephyr/subsys/bluetooth/host/libsubsys__bluetooth__host.a(adv.c.obj)
                0x0000000000006034                bt_le_adv_resume
 .text.prng_reseed.constprop.0
                0x0000000000006114       0x60 zephyr/subsys/bluetooth/host/libsubsys__bluetooth__host.a(crypto.c.obj)
 .text.prng_init
                0x0000000000006174       0x40 zephyr/subsys/bluetooth/host/libsubsys__bluetooth__host.a(crypto.c.obj)
                0x0000000000006174                prng_init
 .text.bt_rand  0x00000000000061b4       0x3c zephyr/subsys/bluetooth/host/libsubsys__bluetooth__host.a(crypto.c.obj)
                0x00000000000061b4                bt_rand
 .text.notify_connected
                0x00000000000061f0       0x3c zephyr/subsys/bluetooth/host/libsubsys__bluetooth__host.a(conn.c.obj)
 .text.tx_notify
                0x000000000000622c       0x60 zephyr/subsys/bluetooth/host/libsubsys__bluetooth__host.a(conn.c.obj)
 .text.wait_for_tx_work
                0x000000000000628c       0x3c zephyr/subsys/bluetooth/host/libsubsys__bluetooth__host.a(conn.c.obj)
 .text.conn_tx_destroy
                0x00000000000062c8       0x2c zephyr/subsys/bluetooth/host/libsubsys__bluetooth__host.a(conn.c.obj)
 .text.send_frag
                0x00000000000062f4      0x19c zephyr/subsys/bluetooth/host/libsubsys__bluetooth__host.a(conn.c.obj)
 .text.bt_conn_get_pkts
                0x0000000000006490       0x18 zephyr/subsys/bluetooth/host/libsubsys__bluetooth__host.a(conn.c.obj)
                0x0000000000006490                bt_conn_get_pkts
 .text.bt_conn_new
                0x00000000000064a8       0x5c zephyr/subsys/bluetooth/host/libsubsys__bluetooth__host.a(conn.c.obj)
                0x00000000000064a8                bt_conn_new
 .text.bt_conn_recv
                0x0000000000006504       0xf4 zephyr/subsys/bluetooth/host/libsubsys__bluetooth__host.a(conn.c.obj)
                0x0000000000006504                bt_conn_recv
 .text.bt_conn_send_cb
                0x00000000000065f8      0x108 zephyr/subsys/bluetooth/host/libsubsys__bluetooth__host.a(conn.c.obj)
                0x00000000000065f8                bt_conn_send_cb
 .text.bt_conn_prepare_events
                0x0000000000006700       0x94 zephyr/subsys/bluetooth/host/libsubsys__bluetooth__host.a(conn.c.obj)
                0x0000000000006700                bt_conn_prepare_events
 .text.bt_conn_unref
                0x0000000000006794       0x64 zephyr/subsys/bluetooth/host/libsubsys__bluetooth__host.a(conn.c.obj)
                0x0000000000006794                bt_conn_unref
 .text.bt_conn_set_state
                0x00000000000067f8      0x234 zephyr/subsys/bluetooth/host/libsubsys__bluetooth__host.a(conn.c.obj)
                0x00000000000067f8                bt_conn_set_state
 .text.bt_conn_lookup_handle
                0x0000000000006a2c       0x40 zephyr/subsys/bluetooth/host/libsubsys__bluetooth__host.a(conn.c.obj)
                0x0000000000006a2c                bt_conn_lookup_handle
 .text.bt_conn_index
                0x0000000000006a6c       0x18 zephyr/subsys/bluetooth/host/libsubsys__bluetooth__host.a(conn.c.obj)
                0x0000000000006a6c                bt_conn_index
 .text.bt_conn_create_pdu_timeout
                0x0000000000006a84       0x5c zephyr/subsys/bluetooth/host/libsubsys__bluetooth__host.a(conn.c.obj)
                0x0000000000006a84                bt_conn_create_pdu_timeout
 .text.notify_le_param_updated
                0x0000000000006ae0       0x88 zephyr/subsys/bluetooth/host/libsubsys__bluetooth__host.a(conn.c.obj)
                0x0000000000006ae0                notify_le_param_updated
 .text.le_param_req
                0x0000000000006b68       0x74 zephyr/subsys/bluetooth/host/libsubsys__bluetooth__host.a(conn.c.obj)
                0x0000000000006b68                le_param_req
 .text.bt_conn_cb_register
                0x0000000000006bdc       0x10 zephyr/subsys/bluetooth/host/libsubsys__bluetooth__host.a(conn.c.obj)
                0x0000000000006bdc                bt_conn_cb_register
 .text.bt_conn_add_le
                0x0000000000006bec       0x38 zephyr/subsys/bluetooth/host/libsubsys__bluetooth__host.a(conn.c.obj)
                0x0000000000006bec                bt_conn_add_le
 .text.bt_conn_lookup_addr_le
                0x0000000000006c24       0x34 zephyr/subsys/bluetooth/host/libsubsys__bluetooth__host.a(conn.c.obj)
                0x0000000000006c24                bt_conn_lookup_addr_le
 .text.bt_conn_exists_le
                0x0000000000006c58       0x70 zephyr/subsys/bluetooth/host/libsubsys__bluetooth__host.a(conn.c.obj)
                0x0000000000006c58                bt_conn_exists_le
 .text.bt_conn_lookup_state_le
                0x0000000000006cc8       0x44 zephyr/subsys/bluetooth/host/libsubsys__bluetooth__host.a(conn.c.obj)
                0x0000000000006cc8                bt_conn_lookup_state_le
 .text.send_conn_le_param_update
                0x0000000000006d0c       0x68 zephyr/subsys/bluetooth/host/libsubsys__bluetooth__host.a(conn.c.obj)
 .text.deferred_work
                0x0000000000006d74       0xfc zephyr/subsys/bluetooth/host/libsubsys__bluetooth__host.a(conn.c.obj)
 .text.bt_conn_create_frag_timeout
                0x0000000000006e70        0xc zephyr/subsys/bluetooth/host/libsubsys__bluetooth__host.a(conn.c.obj)
                0x0000000000006e70                bt_conn_create_frag_timeout
 .text.bt_conn_process_tx
                0x0000000000006e7c      0x11c zephyr/subsys/bluetooth/host/libsubsys__bluetooth__host.a(conn.c.obj)
                0x0000000000006e7c                bt_conn_process_tx
 .text.bt_conn_lookup_index
                0x0000000000006f98       0x10 zephyr/subsys/bluetooth/host/libsubsys__bluetooth__host.a(conn.c.obj)
                0x0000000000006f98                bt_conn_lookup_index
 .text.bt_conn_init
                0x0000000000006fa8       0x44 zephyr/subsys/bluetooth/host/libsubsys__bluetooth__host.a(conn.c.obj)
                0x0000000000006fa8                bt_conn_init
 .text.l2cap_create_le_sig_pdu.part.0
                0x0000000000006fec       0x1c zephyr/subsys/bluetooth/host/libsubsys__bluetooth__host.a(l2cap.c.obj)
 .text.l2cap_accept.part.0
                0x0000000000007008       0x30 zephyr/subsys/bluetooth/host/libsubsys__bluetooth__host.a(l2cap.c.obj)
 .text.l2cap_accept
                0x0000000000007038       0x1c zephyr/subsys/bluetooth/host/libsubsys__bluetooth__host.a(l2cap.c.obj)
 .text.bt_l2cap_connected
                0x0000000000007054       0x8c zephyr/subsys/bluetooth/host/libsubsys__bluetooth__host.a(l2cap.c.obj)
                0x0000000000007054                bt_l2cap_connected
 .text.l2cap_recv.part.0
                0x00000000000070e0       0x9c zephyr/subsys/bluetooth/host/libsubsys__bluetooth__host.a(l2cap.c.obj)
 .text.l2cap_recv
                0x000000000000717c       0x24 zephyr/subsys/bluetooth/host/libsubsys__bluetooth__host.a(l2cap.c.obj)
 .text.bt_l2cap_recv
                0x00000000000071a0       0x58 zephyr/subsys/bluetooth/host/libsubsys__bluetooth__host.a(l2cap.c.obj)
                0x00000000000071a0                bt_l2cap_recv
 .text.bt_l2cap_update_conn_param
                0x00000000000071f8       0x50 zephyr/subsys/bluetooth/host/libsubsys__bluetooth__host.a(l2cap.c.obj)
                0x00000000000071f8                bt_l2cap_update_conn_param
 .text.att_op_get_type
                0x0000000000007248       0x74 zephyr/subsys/bluetooth/host/libsubsys__bluetooth__host.a(att.c.obj)
 .text.bt_att_released
                0x00000000000072bc        0xc zephyr/subsys/bluetooth/host/libsubsys__bluetooth__host.a(att.c.obj)
 .text.bt_att_connected
                0x00000000000072c8       0x38 zephyr/subsys/bluetooth/host/libsubsys__bluetooth__host.a(att.c.obj)
 .text.read_group_cb
                0x0000000000007300       0xb8 zephyr/subsys/bluetooth/host/libsubsys__bluetooth__host.a(att.c.obj)
 .text.bt_att_accept
                0x00000000000073b8      0x120 zephyr/subsys/bluetooth/host/libsubsys__bluetooth__host.a(att.c.obj)
 .text.read_type_cb
                0x00000000000074d8       0xac zephyr/subsys/bluetooth/host/libsubsys__bluetooth__host.a(att.c.obj)
 .text.bt_att_chan_create_pdu
                0x0000000000007584       0x94 zephyr/subsys/bluetooth/host/libsubsys__bluetooth__host.a(att.c.obj)
 .text.find_type_cb
                0x0000000000007618      0x164 zephyr/subsys/bluetooth/host/libsubsys__bluetooth__host.a(att.c.obj)
 .text.chan_send
                0x000000000000777c       0xe4 zephyr/subsys/bluetooth/host/libsubsys__bluetooth__host.a(att.c.obj)
 .text.att_tx_destroy
                0x0000000000007860      0x10c zephyr/subsys/bluetooth/host/libsubsys__bluetooth__host.a(att.c.obj)
 .text.bt_att_recv
                0x000000000000796c       0xc8 zephyr/subsys/bluetooth/host/libsubsys__bluetooth__host.a(att.c.obj)
 .text.att_write_rsp.constprop.0
                0x0000000000007a34       0xc0 zephyr/subsys/bluetooth/host/libsubsys__bluetooth__host.a(att.c.obj)
 .text.att_get  0x0000000000007af4       0x4c zephyr/subsys/bluetooth/host/libsubsys__bluetooth__host.a(att.c.obj)
 .text.bt_att_create_pdu
                0x0000000000007b40       0x64 zephyr/subsys/bluetooth/host/libsubsys__bluetooth__host.a(att.c.obj)
                0x0000000000007b40                bt_att_create_pdu
 .text.bt_att_create_rsp_pdu
                0x0000000000007ba4       0x60 zephyr/subsys/bluetooth/host/libsubsys__bluetooth__host.a(att.c.obj)
                0x0000000000007ba4                bt_att_create_rsp_pdu
 .text.att_read_group_req
                0x0000000000007c04       0xf0 zephyr/subsys/bluetooth/host/libsubsys__bluetooth__host.a(att.c.obj)
 .text.att_read_mult_vl_req
                0x0000000000007cf4       0x9c zephyr/subsys/bluetooth/host/libsubsys__bluetooth__host.a(att.c.obj)
 .text.att_read_mult_req
                0x0000000000007d90       0x9c zephyr/subsys/bluetooth/host/libsubsys__bluetooth__host.a(att.c.obj)
 .text.att_read_rsp
                0x0000000000007e2c       0x90 zephyr/subsys/bluetooth/host/libsubsys__bluetooth__host.a(att.c.obj)
 .text.att_read_type_req
                0x0000000000007ebc       0xbc zephyr/subsys/bluetooth/host/libsubsys__bluetooth__host.a(att.c.obj)
 .text.att_find_type_req
                0x0000000000007f78       0xc0 zephyr/subsys/bluetooth/host/libsubsys__bluetooth__host.a(att.c.obj)
 .text.att_find_info_req
                0x0000000000008038       0x6c zephyr/subsys/bluetooth/host/libsubsys__bluetooth__host.a(att.c.obj)
 .text.bt_att_req_alloc
                0x00000000000080a4       0x50 zephyr/subsys/bluetooth/host/libsubsys__bluetooth__host.a(att.c.obj)
                0x00000000000080a4                bt_att_req_alloc
 .text.bt_att_req_free
                0x00000000000080f4       0x20 zephyr/subsys/bluetooth/host/libsubsys__bluetooth__host.a(att.c.obj)
                0x00000000000080f4                bt_att_req_free
 .text.att_handle_rsp
                0x0000000000008114       0x80 zephyr/subsys/bluetooth/host/libsubsys__bluetooth__host.a(att.c.obj)
 .text.bt_att_disconnected
                0x0000000000008194       0xc0 zephyr/subsys/bluetooth/host/libsubsys__bluetooth__host.a(att.c.obj)
 .text.att_timeout
                0x0000000000008254       0xc8 zephyr/subsys/bluetooth/host/libsubsys__bluetooth__host.a(att.c.obj)
 .text.bt_att_set_tx_meta_data
                0x000000000000831c       0x24 zephyr/subsys/bluetooth/host/libsubsys__bluetooth__host.a(att.c.obj)
                0x000000000000831c                bt_att_set_tx_meta_data
 .text.find_cf_cfg
                0x0000000000008340       0x30 zephyr/subsys/bluetooth/host/libsubsys__bluetooth__host.a(gatt.c.obj)
 .text.find_sc_cfg
                0x0000000000008370       0x24 zephyr/subsys/bluetooth/host/libsubsys__bluetooth__host.a(gatt.c.obj)
 .text.find_ccc_cfg
                0x0000000000008394       0x28 zephyr/subsys/bluetooth/host/libsubsys__bluetooth__host.a(gatt.c.obj)
 .text.bt_gatt_attr_write_ccc
                0x00000000000083bc       0xbc zephyr/subsys/bluetooth/host/libsubsys__bluetooth__host.a(gatt.c.obj)
                0x00000000000083bc                bt_gatt_attr_write_ccc
 .text.clear_cf_cfg
                0x0000000000008478       0x28 zephyr/subsys/bluetooth/host/libsubsys__bluetooth__host.a(gatt.c.obj)
 .text.sc_save  0x00000000000084a0       0x60 zephyr/subsys/bluetooth/host/libsubsys__bluetooth__host.a(gatt.c.obj)
 .text.disconnected_cb
                0x0000000000008500       0xa0 zephyr/subsys/bluetooth/host/libsubsys__bluetooth__host.a(gatt.c.obj)
 .text.read_ppcp
                0x00000000000085a0       0x38 zephyr/subsys/bluetooth/host/libsubsys__bluetooth__host.a(gatt.c.obj)
 .text.cf_write
                0x00000000000085d8       0x98 zephyr/subsys/bluetooth/host/libsubsys__bluetooth__host.a(gatt.c.obj)
 .text.sc_indicate_rsp
                0x0000000000008670       0x4c zephyr/subsys/bluetooth/host/libsubsys__bluetooth__host.a(gatt.c.obj)
 .text.bt_gatt_init
                0x00000000000086bc       0x78 zephyr/subsys/bluetooth/host/libsubsys__bluetooth__host.a(gatt.c.obj)
                0x00000000000086bc                bt_gatt_init
 .text.bt_gatt_attr_get_handle
                0x0000000000008734       0x60 zephyr/subsys/bluetooth/host/libsubsys__bluetooth__host.a(gatt.c.obj)
                0x0000000000008734                bt_gatt_attr_get_handle
 .text.bt_gatt_foreach_attr_type
                0x0000000000008794       0xb4 zephyr/subsys/bluetooth/host/libsubsys__bluetooth__host.a(gatt.c.obj)
                0x0000000000008794                bt_gatt_foreach_attr_type
 .text.db_hash_gen
                0x0000000000008848       0x80 zephyr/subsys/bluetooth/host/libsubsys__bluetooth__host.a(gatt.c.obj)
 .text.db_hash_read
                0x00000000000088c8       0x74 zephyr/subsys/bluetooth/host/libsubsys__bluetooth__host.a(gatt.c.obj)
 .text.db_hash_process
                0x000000000000893c       0x14 zephyr/subsys/bluetooth/host/libsubsys__bluetooth__host.a(gatt.c.obj)
 .text.bt_gatt_attr_next
                0x0000000000008950       0x24 zephyr/subsys/bluetooth/host/libsubsys__bluetooth__host.a(gatt.c.obj)
                0x0000000000008950                bt_gatt_attr_next
 .text.gatt_indicate
                0x0000000000008974       0xd8 zephyr/subsys/bluetooth/host/libsubsys__bluetooth__host.a(gatt.c.obj)
 .text.bt_gatt_indicate
                0x0000000000008a4c       0xf0 zephyr/subsys/bluetooth/host/libsubsys__bluetooth__host.a(gatt.c.obj)
                0x0000000000008a4c                bt_gatt_indicate
 .text.sc_process
                0x0000000000008b3c       0x60 zephyr/subsys/bluetooth/host/libsubsys__bluetooth__host.a(gatt.c.obj)
 .text.update_ccc
                0x0000000000008b9c       0xf4 zephyr/subsys/bluetooth/host/libsubsys__bluetooth__host.a(gatt.c.obj)
 .text.gatt_notify
                0x0000000000008c90       0xac zephyr/subsys/bluetooth/host/libsubsys__bluetooth__host.a(gatt.c.obj)
 .text.bt_gatt_notify_cb
                0x0000000000008d3c       0xe8 zephyr/subsys/bluetooth/host/libsubsys__bluetooth__host.a(gatt.c.obj)
                0x0000000000008d3c                bt_gatt_notify_cb
 .text.notify_cb
                0x0000000000008e24      0x110 zephyr/subsys/bluetooth/host/libsubsys__bluetooth__host.a(gatt.c.obj)
 .text.bt_gatt_connected
                0x0000000000008f34       0x20 zephyr/subsys/bluetooth/host/libsubsys__bluetooth__host.a(gatt.c.obj)
                0x0000000000008f34                bt_gatt_connected
 .text.bt_gatt_att_max_mtu_changed
                0x0000000000008f54       0x28 zephyr/subsys/bluetooth/host/libsubsys__bluetooth__host.a(gatt.c.obj)
                0x0000000000008f54                bt_gatt_att_max_mtu_changed
 .text.bt_gatt_disconnected
                0x0000000000008f7c       0x48 zephyr/subsys/bluetooth/host/libsubsys__bluetooth__host.a(gatt.c.obj)
                0x0000000000008f7c                bt_gatt_disconnected
 .text.bt_smp_accept.part.0
                0x0000000000008fc4       0x30 zephyr/subsys/bluetooth/host/libsubsys__bluetooth__host.a(smp_null.c.obj)
 .text.bt_smp_accept
                0x0000000000008ff4       0x1c zephyr/subsys/bluetooth/host/libsubsys__bluetooth__host.a(smp_null.c.obj)
 .text.net_buf_destroy
                0x0000000000009010       0x38 zephyr/subsys/net/libsubsys__net.a(buf.c.obj)
 .text.net_buf_pool_get
                0x0000000000009048       0x10 zephyr/subsys/net/libsubsys__net.a(buf.c.obj)
                0x0000000000009048                net_buf_pool_get
 .text.net_buf_id
                0x0000000000009058       0x20 zephyr/subsys/net/libsubsys__net.a(buf.c.obj)
                0x0000000000009058                net_buf_id
 .text.fixed_data_alloc
                0x0000000000009078       0x24 zephyr/subsys/net/libsubsys__net.a(buf.c.obj)
 .text.net_buf_alloc_len
                0x000000000000909c      0x118 zephyr/subsys/net/libsubsys__net.a(buf.c.obj)
                0x000000000000909c                net_buf_alloc_len
 .text.net_buf_unref
                0x00000000000091b4       0x38 zephyr/subsys/net/libsubsys__net.a(buf.c.obj)
                0x00000000000091b4                net_buf_unref
 .text.adc_gain_invert
                0x00000000000091ec       0x2c zephyr/drivers/adc/libdrivers__adc.a(adc_common.c.obj)
                0x00000000000091ec                adc_gain_invert
 .text.adc_context_start_sampling
                0x0000000000009218       0x1c zephyr/drivers/adc/libdrivers__adc.a(adc_nrfx_saadc.c.obj)
 .text.adc_nrfx_channel_setup
                0x0000000000009234       0xf0 zephyr/drivers/adc/libdrivers__adc.a(adc_nrfx_saadc.c.obj)
 .text.adc_nrfx_read
                0x0000000000009324      0x1c8 zephyr/drivers/adc/libdrivers__adc.a(adc_nrfx_saadc.c.obj)
 .text.init_saadc
                0x00000000000094ec       0x44 zephyr/drivers/adc/libdrivers__adc.a(adc_nrfx_saadc.c.obj)
 .text.saadc_irq_handler
                0x0000000000009530       0xc8 zephyr/drivers/adc/libdrivers__adc.a(adc_nrfx_saadc.c.obj)
 .text.bt_ipc_send
                0x00000000000095f8       0x54 zephyr/drivers/bluetooth/libdrivers__bluetooth.a(ipc.c.obj)
 .text.bt_ipc_init
                0x000000000000964c       0x28 zephyr/drivers/bluetooth/libdrivers__bluetooth.a(ipc.c.obj)
 .text.hci_ept_bound
                0x0000000000009674        0xc zephyr/drivers/bluetooth/libdrivers__bluetooth.a(ipc.c.obj)
 .text.bt_ipc_open.part.0
                0x0000000000009680       0x6c zephyr/drivers/bluetooth/libdrivers__bluetooth.a(ipc.c.obj)
 .text.hci_ept_recv
                0x00000000000096ec      0x1f0 zephyr/drivers/bluetooth/libdrivers__bluetooth.a(ipc.c.obj)
 .text.bt_ipc_open
                0x00000000000098dc       0x2c zephyr/drivers/bluetooth/libdrivers__bluetooth.a(ipc.c.obj)
 .text.bt_ipc_close.part.0
                0x0000000000009908       0x54 zephyr/drivers/bluetooth/libdrivers__bluetooth.a(ipc.c.obj)
 .text.bt_ipc_close
                0x000000000000995c       0x30 zephyr/drivers/bluetooth/libdrivers__bluetooth.a(ipc.c.obj)
 .text.bt_hci_transport_setup
                0x000000000000998c       0x18 zephyr/drivers/bluetooth/libdrivers__bluetooth.a(nrf53_support.c.obj)
                0x000000000000998c                bt_hci_transport_setup
 .text.onoff_stop
                0x00000000000099a4       0x30 zephyr/drivers/clock_control/libdrivers__clock_control.a(clock_control_nrf.c.obj)
 .text.onoff_start
                0x00000000000099d4       0x44 zephyr/drivers/clock_control/libdrivers__clock_control.a(clock_control_nrf.c.obj)
 .text.generic_hfclk_stop
                0x0000000000009a18       0x34 zephyr/drivers/clock_control/libdrivers__clock_control.a(clock_control_nrf.c.obj)
 .text.clk_init
                0x0000000000009a4c       0x64 zephyr/drivers/clock_control/libdrivers__clock_control.a(clock_control_nrf.c.obj)
 .text.api_blocking_start
                0x0000000000009ab0       0x3c zephyr/drivers/clock_control/libdrivers__clock_control.a(clock_control_nrf.c.obj)
 .text.clkstarted_handle.constprop.0
                0x0000000000009aec       0x4c zephyr/drivers/clock_control/libdrivers__clock_control.a(clock_control_nrf.c.obj)
 .text.generic_hfclk_start
                0x0000000000009b38       0x78 zephyr/drivers/clock_control/libdrivers__clock_control.a(clock_control_nrf.c.obj)
 .text.clock_event_handler
                0x0000000000009bb0       0x30 zephyr/drivers/clock_control/libdrivers__clock_control.a(clock_control_nrf.c.obj)
 .text.z_nrf_clock_control_lf_on
                0x0000000000009be0       0xf8 zephyr/drivers/clock_control/libdrivers__clock_control.a(clock_control_nrf.c.obj)
                0x0000000000009be0                z_nrf_clock_control_lf_on
 .text.uart_console_init
                0x0000000000009cd8       0x28 zephyr/drivers/console/libdrivers__console.a(uart_console.c.obj)
 .text.console_out
                0x0000000000009d00       0x28 zephyr/drivers/console/libdrivers__console.a(uart_console.c.obj)
 .text.gpio_nrfx_pin_interrupt_configure
                0x0000000000009d28      0x100 zephyr/drivers/gpio/libdrivers__gpio.a(gpio_nrfx.c.obj)
 .text.gpio_nrfx_init
                0x0000000000009e28       0x48 zephyr/drivers/gpio/libdrivers__gpio.a(gpio_nrfx.c.obj)
 .text.nrfx_gpio_handler
                0x0000000000009e70       0x4c zephyr/drivers/gpio/libdrivers__gpio.a(gpio_nrfx.c.obj)
 .text.gpio_nrfx_pin_configure
                0x0000000000009ebc      0x18c zephyr/drivers/gpio/libdrivers__gpio.a(gpio_nrfx.c.obj)
 .text.mbox_nrf_init
                0x000000000000a048       0x9c zephyr/drivers/mbox/libdrivers__mbox.a(mbox_nrfx_ipc.c.obj)
 .text.mbox_nrf_set_enabled
                0x000000000000a0e4       0x94 zephyr/drivers/mbox/libdrivers__mbox.a(mbox_nrfx_ipc.c.obj)
 .text.mbox_nrf_send
                0x000000000000a178       0x44 zephyr/drivers/mbox/libdrivers__mbox.a(mbox_nrfx_ipc.c.obj)
 .text.mbox_dispatcher
                0x000000000000a1bc       0x60 zephyr/drivers/mbox/libdrivers__mbox.a(mbox_nrfx_ipc.c.obj)
 .text.nrf_gpio_pin_port_decode
                0x000000000000a21c       0x24 zephyr/drivers/pinctrl/libdrivers__pinctrl.a(pinctrl_nrf.c.obj)
 .text.pinctrl_configure_pins
                0x000000000000a240      0x1a0 zephyr/drivers/pinctrl/libdrivers__pinctrl.a(pinctrl_nrf.c.obj)
                0x000000000000a240                pinctrl_configure_pins
 .text.uarte_0_init
                0x000000000000a3e0      0x27c zephyr/drivers/serial/libdrivers__serial.a(uart_nrfx_uarte.c.obj)
 .text.uarte_nrfx_poll_out
                0x000000000000a65c       0xcc zephyr/drivers/serial/libdrivers__serial.a(uart_nrfx_uarte.c.obj)
 .text.compare_int_lock
                0x000000000000a728       0x40 zephyr/drivers/timer/libdrivers__timer.a(nrf_rtc_timer.c.obj)
 .text.sys_clock_timeout_handler
                0x000000000000a768       0x48 zephyr/drivers/timer/libdrivers__timer.a(nrf_rtc_timer.c.obj)
 .text.compare_int_unlock
                0x000000000000a7b0       0x4c zephyr/drivers/timer/libdrivers__timer.a(nrf_rtc_timer.c.obj)
 .text.z_nrf_rtc_timer_compare_evt_address_get
                0x000000000000a7fc       0x10 zephyr/drivers/timer/libdrivers__timer.a(nrf_rtc_timer.c.obj)
                0x000000000000a7fc                z_nrf_rtc_timer_compare_evt_address_get
 .text.z_nrf_rtc_timer_compare_read
                0x000000000000a80c       0x10 zephyr/drivers/timer/libdrivers__timer.a(nrf_rtc_timer.c.obj)
                0x000000000000a80c                z_nrf_rtc_timer_compare_read
 .text.z_nrf_rtc_timer_read
                0x000000000000a81c       0x44 zephyr/drivers/timer/libdrivers__timer.a(nrf_rtc_timer.c.obj)
                0x000000000000a81c                z_nrf_rtc_timer_read
 .text.compare_set
                0x000000000000a860      0x124 zephyr/drivers/timer/libdrivers__timer.a(nrf_rtc_timer.c.obj)
 .text.sys_clock_driver_init
                0x000000000000a984       0xa4 zephyr/drivers/timer/libdrivers__timer.a(nrf_rtc_timer.c.obj)
 .text.rtc_nrf_isr
                0x000000000000aa28      0x100 zephyr/drivers/timer/libdrivers__timer.a(nrf_rtc_timer.c.obj)
                0x000000000000aa28                rtc_nrf_isr
 .text.z_nrf_rtc_timer_chan_alloc
                0x000000000000ab28       0x3c zephyr/drivers/timer/libdrivers__timer.a(nrf_rtc_timer.c.obj)
                0x000000000000ab28                z_nrf_rtc_timer_chan_alloc
 .text.z_nrf_rtc_timer_chan_free
                0x000000000000ab64       0x1c zephyr/drivers/timer/libdrivers__timer.a(nrf_rtc_timer.c.obj)
                0x000000000000ab64                z_nrf_rtc_timer_chan_free
 .text.sys_clock_set_timeout
                0x000000000000ab80       0x5c zephyr/drivers/timer/libdrivers__timer.a(nrf_rtc_timer.c.obj)
                0x000000000000ab80                sys_clock_set_timeout
 .text.sys_clock_elapsed
                0x000000000000abdc       0x14 zephyr/drivers/timer/libdrivers__timer.a(nrf_rtc_timer.c.obj)
                0x000000000000abdc                sys_clock_elapsed
 .text.dk_set_led.part.0
                0x000000000000abf0       0x18 modules/nrf/lib/dk_buttons_and_leds/lib..__nrf__lib__dk_buttons_and_leds.a(dk_buttons_and_leds.c.obj)
 .text.get_buttons.part.0
                0x000000000000ac08       0x18 modules/nrf/lib/dk_buttons_and_leds/lib..__nrf__lib__dk_buttons_and_leds.a(dk_buttons_and_leds.c.obj)
 .text.get_buttons
                0x000000000000ac20       0x5c modules/nrf/lib/dk_buttons_and_leds/lib..__nrf__lib__dk_buttons_and_leds.a(dk_buttons_and_leds.c.obj)
 .text.dk_set_leds_state.part.0
                0x000000000000ac7c       0x58 modules/nrf/lib/dk_buttons_and_leds/lib..__nrf__lib__dk_buttons_and_leds.a(dk_buttons_and_leds.c.obj)
 .text.callback_ctrl
                0x000000000000acd4       0xa0 modules/nrf/lib/dk_buttons_and_leds/lib..__nrf__lib__dk_buttons_and_leds.a(dk_buttons_and_leds.c.obj)
 .text.button_pressed
                0x000000000000ad74       0x6c modules/nrf/lib/dk_buttons_and_leds/lib..__nrf__lib__dk_buttons_and_leds.a(dk_buttons_and_leds.c.obj)
 .text.buttons_scan_fn
                0x000000000000ade0      0x104 modules/nrf/lib/dk_buttons_and_leds/lib..__nrf__lib__dk_buttons_and_leds.a(dk_buttons_and_leds.c.obj)
 .text.dk_leds_init
                0x000000000000aee4       0x40 modules/nrf/lib/dk_buttons_and_leds/lib..__nrf__lib__dk_buttons_and_leds.a(dk_buttons_and_leds.c.obj)
                0x000000000000aee4                dk_leds_init
 .text.dk_read_buttons
                0x000000000000af24       0x20 modules/nrf/lib/dk_buttons_and_leds/lib..__nrf__lib__dk_buttons_and_leds.a(dk_buttons_and_leds.c.obj)
                0x000000000000af24                dk_read_buttons
 .text.dk_buttons_init
                0x000000000000af44      0x11c modules/nrf/lib/dk_buttons_and_leds/lib..__nrf__lib__dk_buttons_and_leds.a(dk_buttons_and_leds.c.obj)
                0x000000000000af44                dk_buttons_init
 .text.dk_set_led
                0x000000000000b060       0x3c modules/nrf/lib/dk_buttons_and_leds/lib..__nrf__lib__dk_buttons_and_leds.a(dk_buttons_and_leds.c.obj)
                0x000000000000b060                dk_set_led
 .text.nrf53_errata_42
                0x000000000000b09c       0x24 modules/hal_nordic/nrfx/libmodules__hal_nordic__nrfx.a(system_nrf5340_application.c.obj)
 .text.SystemInit
                0x000000000000b0c0      0x1c4 modules/hal_nordic/nrfx/libmodules__hal_nordic__nrfx.a(system_nrf5340_application.c.obj)
                0x000000000000b0c0                SystemInit
 .text.nrfx_flag32_alloc
                0x000000000000b284       0x40 modules/hal_nordic/nrfx/libmodules__hal_nordic__nrfx.a(nrfx_flag32_allocator.c.obj)
                0x000000000000b284                nrfx_flag32_alloc
 .text.nrfx_flag32_free
                0x000000000000b2c4       0x38 modules/hal_nordic/nrfx/libmodules__hal_nordic__nrfx.a(nrfx_flag32_allocator.c.obj)
                0x000000000000b2c4                nrfx_flag32_free
 .text.nrfx_gppi_channels_enable
                0x000000000000b2fc        0xc modules/hal_nordic/nrfx/libmodules__hal_nordic__nrfx.a(nrfx_gppi_dppi.c.obj)
                0x000000000000b2fc                nrfx_gppi_channels_enable
 .text.nrfx_gppi_channels_disable
                0x000000000000b308        0xc modules/hal_nordic/nrfx/libmodules__hal_nordic__nrfx.a(nrfx_gppi_dppi.c.obj)
                0x000000000000b308                nrfx_gppi_channels_disable
 .text.nrfx_clock_init
                0x000000000000b314       0x20 modules/hal_nordic/nrfx/libmodules__hal_nordic__nrfx.a(nrfx_clock.c.obj)
                0x000000000000b314                nrfx_clock_init
 .text.nrfx_clock_enable
                0x000000000000b334       0x30 modules/hal_nordic/nrfx/libmodules__hal_nordic__nrfx.a(nrfx_clock.c.obj)
                0x000000000000b334                nrfx_clock_enable
 .text.nrfx_clock_start
                0x000000000000b364       0xd0 modules/hal_nordic/nrfx/libmodules__hal_nordic__nrfx.a(nrfx_clock.c.obj)
                0x000000000000b364                nrfx_clock_start
 .text.nrfx_power_clock_irq_handler
                0x000000000000b434       0xb0 modules/hal_nordic/nrfx/libmodules__hal_nordic__nrfx.a(nrfx_clock.c.obj)
                0x000000000000b434                nrfx_power_clock_irq_handler
 .text.nrfx_dppi_channel_alloc
                0x000000000000b4e4        0xc modules/hal_nordic/nrfx/libmodules__hal_nordic__nrfx.a(nrfx_dppi.c.obj)
                0x000000000000b4e4                nrfx_dppi_channel_alloc
 .text.nrfx_dppi_channel_free
                0x000000000000b4f0       0x1c modules/hal_nordic/nrfx/libmodules__hal_nordic__nrfx.a(nrfx_dppi.c.obj)
                0x000000000000b4f0                nrfx_dppi_channel_free
 .text.nrf_gpio_pin_port_decode
                0x000000000000b50c       0x24 modules/hal_nordic/nrfx/libmodules__hal_nordic__nrfx.a(nrfx_gpiote.c.obj)
 .text.get_pin_idx
                0x000000000000b530       0x14 modules/hal_nordic/nrfx/libmodules__hal_nordic__nrfx.a(nrfx_gpiote.c.obj)
 .text.call_handler.constprop.0
                0x000000000000b544       0x40 modules/hal_nordic/nrfx/libmodules__hal_nordic__nrfx.a(nrfx_gpiote.c.obj)
 .text.pin_te_get.constprop.0
                0x000000000000b584       0x18 modules/hal_nordic/nrfx/libmodules__hal_nordic__nrfx.a(nrfx_gpiote.c.obj)
 .text.pin_is_output.constprop.0
                0x000000000000b59c       0x18 modules/hal_nordic/nrfx/libmodules__hal_nordic__nrfx.a(nrfx_gpiote.c.obj)
 .text.pin_in_use_by_te.constprop.0
                0x000000000000b5b4       0x18 modules/hal_nordic/nrfx/libmodules__hal_nordic__nrfx.a(nrfx_gpiote.c.obj)
 .text.latch_pending_read_and_check
                0x000000000000b5cc       0x3c modules/hal_nordic/nrfx/libmodules__hal_nordic__nrfx.a(nrfx_gpiote.c.obj)
 .text.release_handler.isra.0
                0x000000000000b608       0x58 modules/hal_nordic/nrfx/libmodules__hal_nordic__nrfx.a(nrfx_gpiote.c.obj)
 .text.__nrfy_internal_gpiote_events_process.constprop.0
                0x000000000000b660       0x5c modules/hal_nordic/nrfx/libmodules__hal_nordic__nrfx.a(nrfx_gpiote.c.obj)
 .text.pin_uninit
                0x000000000000b6bc       0x84 modules/hal_nordic/nrfx/libmodules__hal_nordic__nrfx.a(nrfx_gpiote.c.obj)
 .text.nrfx_gpiote_input_configure
                0x000000000000b740      0x178 modules/hal_nordic/nrfx/libmodules__hal_nordic__nrfx.a(nrfx_gpiote.c.obj)
                0x000000000000b740                nrfx_gpiote_input_configure
 .text.nrfx_gpiote_output_configure
                0x000000000000b8b8      0x104 modules/hal_nordic/nrfx/libmodules__hal_nordic__nrfx.a(nrfx_gpiote.c.obj)
                0x000000000000b8b8                nrfx_gpiote_output_configure
 .text.nrfx_gpiote_global_callback_set
                0x000000000000b9bc        0xc modules/hal_nordic/nrfx/libmodules__hal_nordic__nrfx.a(nrfx_gpiote.c.obj)
                0x000000000000b9bc                nrfx_gpiote_global_callback_set
 .text.nrfx_gpiote_channel_get
                0x000000000000b9c8       0x34 modules/hal_nordic/nrfx/libmodules__hal_nordic__nrfx.a(nrfx_gpiote.c.obj)
                0x000000000000b9c8                nrfx_gpiote_channel_get
 .text.nrfx_gpiote_init
                0x000000000000b9fc       0x64 modules/hal_nordic/nrfx/libmodules__hal_nordic__nrfx.a(nrfx_gpiote.c.obj)
                0x000000000000b9fc                nrfx_gpiote_init
 .text.nrfx_gpiote_init_check
                0x000000000000ba60       0x14 modules/hal_nordic/nrfx/libmodules__hal_nordic__nrfx.a(nrfx_gpiote.c.obj)
                0x000000000000ba60                nrfx_gpiote_init_check
 .text.nrfx_gpiote_channel_free
                0x000000000000ba74        0xc modules/hal_nordic/nrfx/libmodules__hal_nordic__nrfx.a(nrfx_gpiote.c.obj)
                0x000000000000ba74                nrfx_gpiote_channel_free
 .text.nrfx_gpiote_channel_alloc
                0x000000000000ba80        0xc modules/hal_nordic/nrfx/libmodules__hal_nordic__nrfx.a(nrfx_gpiote.c.obj)
                0x000000000000ba80                nrfx_gpiote_channel_alloc
 .text.nrfx_gpiote_trigger_enable
                0x000000000000ba8c       0xac modules/hal_nordic/nrfx/libmodules__hal_nordic__nrfx.a(nrfx_gpiote.c.obj)
                0x000000000000ba8c                nrfx_gpiote_trigger_enable
 .text.nrfx_gpiote_0_irq_handler
                0x000000000000bb38      0x1b8 modules/hal_nordic/nrfx/libmodules__hal_nordic__nrfx.a(nrfx_gpiote.c.obj)
                0x000000000000bb38                nrfx_gpiote_0_irq_handler
 .text.nrfx_ipc_init
                0x000000000000bcf0       0x30 modules/hal_nordic/nrfx/libmodules__hal_nordic__nrfx.a(nrfx_ipc.c.obj)
                0x000000000000bcf0                nrfx_ipc_init
 .text.nrfx_ipc_config_load
                0x000000000000bd20       0x40 modules/hal_nordic/nrfx/libmodules__hal_nordic__nrfx.a(nrfx_ipc.c.obj)
                0x000000000000bd20                nrfx_ipc_config_load
 .text.nrfx_ipc_receive_event_enable
                0x000000000000bd60       0x10 modules/hal_nordic/nrfx/libmodules__hal_nordic__nrfx.a(nrfx_ipc.c.obj)
                0x000000000000bd60                nrfx_ipc_receive_event_enable
 .text.nrfx_ipc_receive_event_disable
                0x000000000000bd70       0x10 modules/hal_nordic/nrfx/libmodules__hal_nordic__nrfx.a(nrfx_ipc.c.obj)
                0x000000000000bd70                nrfx_ipc_receive_event_disable
 .text.nrfx_ipc_irq_handler
                0x000000000000bd80       0x40 modules/hal_nordic/nrfx/libmodules__hal_nordic__nrfx.a(nrfx_ipc.c.obj)
                0x000000000000bd80                nrfx_ipc_irq_handler
 .text.metal_generic_dev_open
                0x000000000000bdc0       0x40 modules/libmetal/libmetal/lib/libmetal.a(device.c.obj)
                0x000000000000bdc0                metal_generic_dev_open
 .text.metal_bus_unregister
                0x000000000000be00       0x3c modules/libmetal/libmetal/lib/libmetal.a(device.c.obj)
                0x000000000000be00                metal_bus_unregister
 .text.metal_bus_find
                0x000000000000be3c       0x3c modules/libmetal/libmetal/lib/libmetal.a(device.c.obj)
                0x000000000000be3c                metal_bus_find
 .text.metal_bus_register
                0x000000000000be78       0x5c modules/libmetal/libmetal/lib/libmetal.a(device.c.obj)
                0x000000000000be78                metal_bus_register
 .text.metal_register_generic_device
                0x000000000000bed4       0x3c modules/libmetal/libmetal/lib/libmetal.a(device.c.obj)
                0x000000000000bed4                metal_register_generic_device
 .text.metal_init
                0x000000000000bf10       0x4c modules/libmetal/libmetal/lib/libmetal.a(init.c.obj)
                0x000000000000bf10                metal_init
 .text.metal_finish
                0x000000000000bf5c       0x24 modules/libmetal/libmetal/lib/libmetal.a(init.c.obj)
                0x000000000000bf5c                metal_finish
 .text.metal_sys_init
                0x000000000000bf80       0x10 modules/libmetal/libmetal/lib/libmetal.a(init.c.obj)
                0x000000000000bf80                metal_sys_init
 .text.metal_sys_finish
                0x000000000000bf90        0xc modules/libmetal/libmetal/lib/libmetal.a(init.c.obj)
                0x000000000000bf90                metal_sys_finish
 .text.metal_zephyr_log_handler
                0x000000000000bf9c       0x3c modules/libmetal/libmetal/lib/libmetal.a(log.c.obj)
                0x000000000000bf9c                metal_zephyr_log_handler
 .text.virtio_create_virtqueues
                0x000000000000bfd8       0xbc modules/open-amp/open-amp/lib/libopen_amp.a(virtio.c.obj)
                0x000000000000bfd8                virtio_create_virtqueues
 .text.virtqueue_free
                0x000000000000c094       0x38 modules/open-amp/open-amp/lib/libopen_amp.a(virtqueue.c.obj)
                0x000000000000c094                virtqueue_free
 .text.virtqueue_add_consumed_buffer
                0x000000000000c0cc       0x38 modules/open-amp/open-amp/lib/libopen_amp.a(virtqueue.c.obj)
                0x000000000000c0cc                virtqueue_add_consumed_buffer
 .text.rpmsg_send_offchannel_raw
                0x000000000000c104       0x2c modules/open-amp/open-amp/lib/libopen_amp.a(rpmsg.c.obj)
                0x000000000000c104                rpmsg_send_offchannel_raw
 .text.rpmsg_send_offchannel_nocopy
                0x000000000000c130       0x2c modules/open-amp/open-amp/lib/libopen_amp.a(rpmsg.c.obj)
                0x000000000000c130                rpmsg_send_offchannel_nocopy
 .text.rpmsg_register_endpoint
                0x000000000000c15c       0x40 modules/open-amp/open-amp/lib/libopen_amp.a(rpmsg.c.obj)
                0x000000000000c15c                rpmsg_register_endpoint
 .text.rpmsg_create_ept
                0x000000000000c19c      0x104 modules/open-amp/open-amp/lib/libopen_amp.a(rpmsg.c.obj)
                0x000000000000c19c                rpmsg_create_ept
 .text.rpmsg_virtio_send_offchannel_raw
                0x000000000000c2a0       0x5c modules/open-amp/open-amp/lib/libopen_amp.a(rpmsg_virtio.c.obj)
 .text.rpmsg_virtio_get_buffer_size
                0x000000000000c2fc       0x4c modules/open-amp/open-amp/lib/libopen_amp.a(rpmsg_virtio.c.obj)
                0x000000000000c2fc                rpmsg_virtio_get_buffer_size
 .text.rpmsg_init_vdev_with_config
                0x000000000000c348      0x258 modules/open-amp/open-amp/lib/libopen_amp.a(rpmsg_virtio.c.obj)
                0x000000000000c348                rpmsg_init_vdev_with_config
 .text.rpmsg_init_vdev
                0x000000000000c5a0       0x2c modules/open-amp/open-amp/lib/libopen_amp.a(rpmsg_virtio.c.obj)
                0x000000000000c5a0                rpmsg_init_vdev
 .text.k_sys_fatal_error_handler
                0x000000000000c5cc       0x20 zephyr/kernel/libkernel.a(fatal.c.obj)
                0x000000000000c5cc                k_sys_fatal_error_handler
 .text.z_fatal_error
                0x000000000000c5ec       0xe8 zephyr/kernel/libkernel.a(fatal.c.obj)
                0x000000000000c5ec                z_fatal_error
 .text.z_sys_init_run_level
                0x000000000000c6d4       0x2c zephyr/kernel/libkernel.a(init.c.obj)
 .text.bg_thread_main
                0x000000000000c700       0xc0 zephyr/kernel/libkernel.a(init.c.obj)
 .text.z_bss_zero
                0x000000000000c7c0       0x18 zephyr/kernel/libkernel.a(init.c.obj)
                0x000000000000c7c0                z_bss_zero
 .text.z_init_cpu
                0x000000000000c7d8       0x68 zephyr/kernel/libkernel.a(init.c.obj)
                0x000000000000c7d8                z_init_cpu
 .text.z_cstart
                0x000000000000c840       0xe4 zephyr/kernel/libkernel.a(init.c.obj)
                0x000000000000c840                z_cstart
 .text.statics_init
                0x000000000000c924       0x24 zephyr/kernel/libkernel.a(kheap.c.obj)
 .text.init_mem_slab_obj_core_list
                0x000000000000c948       0x24 zephyr/kernel/libkernel.a(mem_slab.c.obj)
 .text.k_mem_slab_alloc
                0x000000000000c96c       0x5c zephyr/kernel/libkernel.a(mem_slab.c.obj)
                0x000000000000c96c                k_mem_slab_alloc
 .text.z_impl_k_mutex_lock
                0x000000000000c9c8       0xf0 zephyr/kernel/libkernel.a(mutex.c.obj)
                0x000000000000c9c8                z_impl_k_mutex_lock
 .text.z_impl_k_mutex_unlock
                0x000000000000cab8       0x78 zephyr/kernel/libkernel.a(mutex.c.obj)
                0x000000000000cab8                z_impl_k_mutex_unlock
 .text.z_impl_k_queue_get
                0x000000000000cb30       0x64 zephyr/kernel/libkernel.a(queue.c.obj)
                0x000000000000cb30                z_impl_k_queue_get
 .text.z_impl_k_sem_give
                0x000000000000cb94       0x48 zephyr/kernel/libkernel.a(sem.c.obj)
                0x000000000000cb94                z_impl_k_sem_give
 .text.z_impl_k_sem_take
                0x000000000000cbdc       0x4c zephyr/kernel/libkernel.a(sem.c.obj)
                0x000000000000cbdc                z_impl_k_sem_take
 .text.k_sys_work_q_init
                0x000000000000cc28       0x34 zephyr/kernel/libkernel.a(system_work_q.c.obj)
 .text.work_queue_main
                0x000000000000cc5c      0x144 zephyr/kernel/libkernel.a(work.c.obj)
 .text.cancel_sync_locked
                0x000000000000cda0       0x3c zephyr/kernel/libkernel.a(work.c.obj)
 .text.submit_to_queue_locked
                0x000000000000cddc       0xb4 zephyr/kernel/libkernel.a(work.c.obj)
 .text.work_flush_locked
                0x000000000000ce90       0x8c zephyr/kernel/libkernel.a(work.c.obj)
 .text.k_work_submit
                0x000000000000cf1c        0xc zephyr/kernel/libkernel.a(work.c.obj)
                0x000000000000cf1c                k_work_submit
 .text.k_work_queue_start
                0x000000000000cf28       0x7c zephyr/kernel/libkernel.a(work.c.obj)
                0x000000000000cf28                k_work_queue_start
 .text.k_work_queue_drain
                0x000000000000cfa4       0x78 zephyr/kernel/libkernel.a(work.c.obj)
                0x000000000000cfa4                k_work_queue_drain
 .text.k_work_schedule_for_queue
                0x000000000000d01c       0x54 zephyr/kernel/libkernel.a(work.c.obj)
                0x000000000000d01c                k_work_schedule_for_queue
 .text.k_work_schedule
                0x000000000000d070        0xc zephyr/kernel/libkernel.a(work.c.obj)
                0x000000000000d070                k_work_schedule
 .text.k_work_reschedule_for_queue
                0x000000000000d07c       0x5c zephyr/kernel/libkernel.a(work.c.obj)
                0x000000000000d07c                k_work_reschedule_for_queue
 .text.k_work_reschedule
                0x000000000000d0d8        0xc zephyr/kernel/libkernel.a(work.c.obj)
                0x000000000000d0d8                k_work_reschedule
 .text.z_setup_new_thread
                0x000000000000d0e4       0x7c zephyr/kernel/libkernel.a(thread.c.obj)
                0x000000000000d0e4                z_setup_new_thread
 .text.z_impl_k_thread_create
                0x000000000000d160       0x58 zephyr/kernel/libkernel.a(thread.c.obj)
                0x000000000000d160                z_impl_k_thread_create
 .text.update_cache
                0x000000000000d1b8       0x3c zephyr/kernel/libkernel.a(sched.c.obj)
 .text.unready_thread
                0x000000000000d1f4       0x30 zephyr/kernel/libkernel.a(sched.c.obj)
 .text.ready_thread
                0x000000000000d224       0x68 zephyr/kernel/libkernel.a(sched.c.obj)
 .text.z_thread_halt
                0x000000000000d28c       0xdc zephyr/kernel/libkernel.a(sched.c.obj)
 .text.move_thread_to_end_of_prio_q
                0x000000000000d368       0x74 zephyr/kernel/libkernel.a(sched.c.obj)
                0x000000000000d368                move_thread_to_end_of_prio_q
 .text.z_pend_curr
                0x000000000000d3dc       0x58 zephyr/kernel/libkernel.a(sched.c.obj)
                0x000000000000d3dc                z_pend_curr
 .text.z_thread_prio_set
                0x000000000000d434       0x88 zephyr/kernel/libkernel.a(sched.c.obj)
                0x000000000000d434                z_thread_prio_set
 .text.z_reschedule
                0x000000000000d4bc       0x24 zephyr/kernel/libkernel.a(sched.c.obj)
                0x000000000000d4bc                z_reschedule
 .text.z_sched_start
                0x000000000000d4e0       0x3c zephyr/kernel/libkernel.a(sched.c.obj)
                0x000000000000d4e0                z_sched_start
 .text.z_reschedule_irqlock
                0x000000000000d51c       0x28 zephyr/kernel/libkernel.a(sched.c.obj)
                0x000000000000d51c                z_reschedule_irqlock
 .text.k_sched_lock
                0x000000000000d544       0x28 zephyr/kernel/libkernel.a(sched.c.obj)
                0x000000000000d544                k_sched_lock
 .text.k_sched_unlock
                0x000000000000d56c       0x40 zephyr/kernel/libkernel.a(sched.c.obj)
                0x000000000000d56c                k_sched_unlock
 .text.z_sched_init
                0x000000000000d5ac       0x10 zephyr/kernel/libkernel.a(sched.c.obj)
                0x000000000000d5ac                z_sched_init
 .text.z_impl_k_yield
                0x000000000000d5bc       0x7c zephyr/kernel/libkernel.a(sched.c.obj)
                0x000000000000d5bc                z_impl_k_yield
 .text.z_tick_sleep
                0x000000000000d638       0x88 zephyr/kernel/libkernel.a(sched.c.obj)
 .text.z_impl_k_sleep
                0x000000000000d6c0       0x3c zephyr/kernel/libkernel.a(sched.c.obj)
                0x000000000000d6c0                z_impl_k_sleep
 .text.z_impl_k_sched_current_thread_query
                0x000000000000d6fc        0xc zephyr/kernel/libkernel.a(sched.c.obj)
                0x000000000000d6fc                z_impl_k_sched_current_thread_query
 .text.z_sched_wait
                0x000000000000d708       0x24 zephyr/kernel/libkernel.a(sched.c.obj)
                0x000000000000d708                z_sched_wait
 .text.slice_timeout
                0x000000000000d72c       0x20 zephyr/kernel/libkernel.a(timeslicing.c.obj)
 .text.thread_is_sliceable
                0x000000000000d74c       0x3c zephyr/kernel/libkernel.a(timeslicing.c.obj)
                0x000000000000d74c                thread_is_sliceable
 .text.z_reset_time_slice
                0x000000000000d788       0x50 zephyr/kernel/libkernel.a(timeslicing.c.obj)
                0x000000000000d788                z_reset_time_slice
 .text.z_time_slice
                0x000000000000d7d8       0x60 zephyr/kernel/libkernel.a(timeslicing.c.obj)
                0x000000000000d7d8                z_time_slice
 .text.z_data_copy
                0x000000000000d838       0x34 zephyr/kernel/libkernel.a(xip.c.obj)
                0x000000000000d838                z_data_copy
 .text.elapsed  0x000000000000d86c       0x14 zephyr/kernel/libkernel.a(timeout.c.obj)
 .text.remove_timeout
                0x000000000000d880       0x38 zephyr/kernel/libkernel.a(timeout.c.obj)
 .text.next_timeout
                0x000000000000d8b8       0x40 zephyr/kernel/libkernel.a(timeout.c.obj)
 .text.z_add_timeout
                0x000000000000d8f8       0xf4 zephyr/kernel/libkernel.a(timeout.c.obj)
                0x000000000000d8f8                z_add_timeout
 .text.sys_clock_announce
                0x000000000000d9ec       0xd0 zephyr/kernel/libkernel.a(timeout.c.obj)
                0x000000000000d9ec                sys_clock_announce
 .text.sys_clock_tick_get
                0x000000000000dabc       0x30 zephyr/kernel/libkernel.a(timeout.c.obj)
                0x000000000000dabc                sys_clock_tick_get
 .text.z_timer_expiration_handler
                0x000000000000daec       0xe0 zephyr/kernel/libkernel.a(timer.c.obj)
                0x000000000000daec                z_timer_expiration_handler
 .text.z_impl_k_timer_start
                0x000000000000dbcc       0x74 zephyr/kernel/libkernel.a(timer.c.obj)
                0x000000000000dbcc                z_impl_k_timer_start
 .text.z_impl_k_poll
                0x000000000000dc40       0xb0 zephyr/kernel/libkernel.a(poll.c.obj)
                0x000000000000dc40                z_impl_k_poll
 .text.z_impl_k_poll_signal_raise
                0x000000000000dcf0       0x50 zephyr/kernel/libkernel.a(poll.c.obj)
                0x000000000000dcf0                z_impl_k_poll_signal_raise
 .text.k_aligned_alloc
                0x000000000000dd40       0x10 zephyr/kernel/libkernel.a(mempool.c.obj)
                0x000000000000dd40                k_aligned_alloc
 .text.k_thread_system_pool_assign
                0x000000000000dd50        0xc zephyr/kernel/libkernel.a(mempool.c.obj)
                0x000000000000dd50                k_thread_system_pool_assign
 .text.z_thread_aligned_alloc
                0x000000000000dd5c       0x30 zephyr/kernel/libkernel.a(mempool.c.obj)
                0x000000000000dd5c                z_thread_aligned_alloc
 .text.nrf_cc3xx_platform_init_no_rng
                0x000000000000dd8c       0x38 C:/ncs/v2.7.0/nrfxlib/crypto/nrf_cc312_platform/lib/cortex-m33/soft-float/no-interrupts/libnrf_cc312_platform_0.9.19.a(nrf_cc3xx_platform.c.obj)
                0x000000000000dd8c                nrf_cc3xx_platform_init_no_rng
 .text.nrf_cc3xx_platform_abort
                0x000000000000ddc4       0x24 C:/ncs/v2.7.0/nrfxlib/crypto/nrf_cc312_platform/lib/cortex-m33/soft-float/no-interrupts/libnrf_cc312_platform_0.9.19.a(nrf_cc3xx_platform_abort.c.obj)
 .text.CC_PalAbort
                0x000000000000dde8       0x44 C:/ncs/v2.7.0/nrfxlib/crypto/nrf_cc312_platform/lib/cortex-m33/soft-float/no-interrupts/libnrf_cc312_platform_0.9.19.a(nrf_cc3xx_platform_abort.c.obj)
                0x000000000000dde8                CC_PalAbort
 .text.nrf_cc3xx_platform_set_abort
                0x000000000000de2c       0x10 C:/ncs/v2.7.0/nrfxlib/crypto/nrf_cc312_platform/lib/cortex-m33/soft-float/no-interrupts/libnrf_cc312_platform_0.9.19.a(nrf_cc3xx_platform_abort.c.obj)
                0x000000000000de2c                nrf_cc3xx_platform_set_abort
 .text.mutex_free
                0x000000000000de3c       0x34 C:/ncs/v2.7.0/nrfxlib/crypto/nrf_cc312_platform/lib/cortex-m33/soft-float/no-interrupts/libnrf_cc312_platform_0.9.19.a(nrf_cc3xx_platform_mutex.c.obj)
 .text.mutex_lock
                0x000000000000de70       0x48 C:/ncs/v2.7.0/nrfxlib/crypto/nrf_cc312_platform/lib/cortex-m33/soft-float/no-interrupts/libnrf_cc312_platform_0.9.19.a(nrf_cc3xx_platform_mutex.c.obj)
 .text.mutex_unlock
                0x000000000000deb8       0x38 C:/ncs/v2.7.0/nrfxlib/crypto/nrf_cc312_platform/lib/cortex-m33/soft-float/no-interrupts/libnrf_cc312_platform_0.9.19.a(nrf_cc3xx_platform_mutex.c.obj)
 .text.mutex_init
                0x000000000000def0       0x20 C:/ncs/v2.7.0/nrfxlib/crypto/nrf_cc312_platform/lib/cortex-m33/soft-float/no-interrupts/libnrf_cc312_platform_0.9.19.a(nrf_cc3xx_platform_mutex.c.obj)
 .text.nrf_cc3xx_platform_set_mutexes
                0x000000000000df10       0x78 C:/ncs/v2.7.0/nrfxlib/crypto/nrf_cc312_platform/lib/cortex-m33/soft-float/no-interrupts/libnrf_cc312_platform_0.9.19.a(nrf_cc3xx_platform_mutex.c.obj)
                0x000000000000df10                nrf_cc3xx_platform_set_mutexes
 .text.CC_LibInitNoRng
                0x000000000000df88       0x28 C:/ncs/v2.7.0/nrfxlib/crypto/nrf_cc312_platform/lib/cortex-m33/soft-float/no-interrupts/libnrf_cc312_platform_0.9.19.a(cc_lib.c.obj)
                0x000000000000df88                CC_LibInitNoRng
 .text.CC_HalInit
                0x000000000000dfb0        0x4 C:/ncs/v2.7.0/nrfxlib/crypto/nrf_cc312_platform/lib/cortex-m33/soft-float/no-interrupts/libnrf_cc312_platform_0.9.19.a(cc_hal.c.obj)
                0x000000000000dfb0                CC_HalInit
 .text.CC_PalInit
                0x000000000000dfb4       0x5c C:/ncs/v2.7.0/nrfxlib/crypto/nrf_cc312_platform/lib/cortex-m33/soft-float/no-interrupts/libnrf_cc312_platform_0.9.19.a(cc_pal.c.obj)
                0x000000000000dfb4                CC_PalInit
 .text.CC_PalTerminate
                0x000000000000e010       0x34 C:/ncs/v2.7.0/nrfxlib/crypto/nrf_cc312_platform/lib/cortex-m33/soft-float/no-interrupts/libnrf_cc312_platform_0.9.19.a(cc_pal.c.obj)
                0x000000000000e010                CC_PalTerminate
 .text.CC_PalDmaInit
                0x000000000000e044        0x4 C:/ncs/v2.7.0/nrfxlib/crypto/nrf_cc312_platform/lib/cortex-m33/soft-float/no-interrupts/libnrf_cc312_platform_0.9.19.a(cc_pal_dma.c.obj)
                0x000000000000e044                CC_PalDmaInit
 .text.CC_PalDmaTerminate
                0x000000000000e048        0x4 C:/ncs/v2.7.0/nrfxlib/crypto/nrf_cc312_platform/lib/cortex-m33/soft-float/no-interrupts/libnrf_cc312_platform_0.9.19.a(cc_pal_dma.c.obj)
                0x000000000000e048                CC_PalDmaTerminate
 .text.CC_PalMutexCreate
                0x000000000000e04c       0x14 C:/ncs/v2.7.0/nrfxlib/crypto/nrf_cc312_platform/lib/cortex-m33/soft-float/no-interrupts/libnrf_cc312_platform_0.9.19.a(cc_pal_mutex.c.obj)
                0x000000000000e04c                CC_PalMutexCreate
 .text.CC_PalMutexDestroy
                0x000000000000e060       0x14 C:/ncs/v2.7.0/nrfxlib/crypto/nrf_cc312_platform/lib/cortex-m33/soft-float/no-interrupts/libnrf_cc312_platform_0.9.19.a(cc_pal_mutex.c.obj)
                0x000000000000e060                CC_PalMutexDestroy
 .text.CC_PalPowerSaveModeInit
                0x000000000000e074       0x3c C:/ncs/v2.7.0/nrfxlib/crypto/nrf_cc312_platform/lib/cortex-m33/soft-float/no-interrupts/libnrf_cc312_platform_0.9.19.a(cc_pal_pm.c.obj)